Archive member included to satisfy reference by file (symbol)

c:/st/stm32cubeide_1.8.0/stm32cubeide/plugins/com.st.stm32cube.ide.mcu.externaltools.gnu-tools-for-stm32.9-2020-q2-update.win32_2.0.0.202105311346/tools/bin/../lib/gcc/arm-none-eabi/9.3.1/../../../../arm-none-eabi/lib/thumb/v6-m/nofp\libc_nano.a(lib_a-assert.o)
                              ./modbus/functions/mbutils.o (__assert_func)
c:/st/stm32cubeide_1.8.0/stm32cubeide/plugins/com.st.stm32cube.ide.mcu.externaltools.gnu-tools-for-stm32.9-2020-q2-update.win32_2.0.0.202105311346/tools/bin/../lib/gcc/arm-none-eabi/9.3.1/../../../../arm-none-eabi/lib/thumb/v6-m/nofp\libc_nano.a(lib_a-exit.o)
                              c:/st/stm32cubeide_1.8.0/stm32cubeide/plugins/com.st.stm32cube.ide.mcu.externaltools.gnu-tools-for-stm32.9-2020-q2-update.win32_2.0.0.202105311346/tools/bin/../lib/gcc/arm-none-eabi/9.3.1/../../../../arm-none-eabi/lib/thumb/v6-m/nofp/crt0.o (exit)
c:/st/stm32cubeide_1.8.0/stm32cubeide/plugins/com.st.stm32cube.ide.mcu.externaltools.gnu-tools-for-stm32.9-2020-q2-update.win32_2.0.0.202105311346/tools/bin/../lib/gcc/arm-none-eabi/9.3.1/../../../../arm-none-eabi/lib/thumb/v6-m/nofp\libc_nano.a(lib_a-fprintf.o)
                              c:/st/stm32cubeide_1.8.0/stm32cubeide/plugins/com.st.stm32cube.ide.mcu.externaltools.gnu-tools-for-stm32.9-2020-q2-update.win32_2.0.0.202105311346/tools/bin/../lib/gcc/arm-none-eabi/9.3.1/../../../../arm-none-eabi/lib/thumb/v6-m/nofp\libc_nano.a(lib_a-assert.o) (fiprintf)
c:/st/stm32cubeide_1.8.0/stm32cubeide/plugins/com.st.stm32cube.ide.mcu.externaltools.gnu-tools-for-stm32.9-2020-q2-update.win32_2.0.0.202105311346/tools/bin/../lib/gcc/arm-none-eabi/9.3.1/../../../../arm-none-eabi/lib/thumb/v6-m/nofp\libc_nano.a(lib_a-impure.o)
                              c:/st/stm32cubeide_1.8.0/stm32cubeide/plugins/com.st.stm32cube.ide.mcu.externaltools.gnu-tools-for-stm32.9-2020-q2-update.win32_2.0.0.202105311346/tools/bin/../lib/gcc/arm-none-eabi/9.3.1/../../../../arm-none-eabi/lib/thumb/v6-m/nofp\libc_nano.a(lib_a-exit.o) (_global_impure_ptr)
c:/st/stm32cubeide_1.8.0/stm32cubeide/plugins/com.st.stm32cube.ide.mcu.externaltools.gnu-tools-for-stm32.9-2020-q2-update.win32_2.0.0.202105311346/tools/bin/../lib/gcc/arm-none-eabi/9.3.1/../../../../arm-none-eabi/lib/thumb/v6-m/nofp\libc_nano.a(lib_a-init.o)
                              c:/st/stm32cubeide_1.8.0/stm32cubeide/plugins/com.st.stm32cube.ide.mcu.externaltools.gnu-tools-for-stm32.9-2020-q2-update.win32_2.0.0.202105311346/tools/bin/../lib/gcc/arm-none-eabi/9.3.1/../../../../arm-none-eabi/lib/thumb/v6-m/nofp/crt0.o (__libc_init_array)
c:/st/stm32cubeide_1.8.0/stm32cubeide/plugins/com.st.stm32cube.ide.mcu.externaltools.gnu-tools-for-stm32.9-2020-q2-update.win32_2.0.0.202105311346/tools/bin/../lib/gcc/arm-none-eabi/9.3.1/../../../../arm-none-eabi/lib/thumb/v6-m/nofp\libc_nano.a(lib_a-memcpy-stub.o)
                              ./modbus/functions/mbfuncother.o (memcpy)
c:/st/stm32cubeide_1.8.0/stm32cubeide/plugins/com.st.stm32cube.ide.mcu.externaltools.gnu-tools-for-stm32.9-2020-q2-update.win32_2.0.0.202105311346/tools/bin/../lib/gcc/arm-none-eabi/9.3.1/../../../../arm-none-eabi/lib/thumb/v6-m/nofp\libc_nano.a(lib_a-memset.o)
                              c:/st/stm32cubeide_1.8.0/stm32cubeide/plugins/com.st.stm32cube.ide.mcu.externaltools.gnu-tools-for-stm32.9-2020-q2-update.win32_2.0.0.202105311346/tools/bin/../lib/gcc/arm-none-eabi/9.3.1/../../../../arm-none-eabi/lib/thumb/v6-m/nofp/crt0.o (memset)
c:/st/stm32cubeide_1.8.0/stm32cubeide/plugins/com.st.stm32cube.ide.mcu.externaltools.gnu-tools-for-stm32.9-2020-q2-update.win32_2.0.0.202105311346/tools/bin/../lib/gcc/arm-none-eabi/9.3.1/../../../../arm-none-eabi/lib/thumb/v6-m/nofp\libc_nano.a(lib_a-nano-vfprintf.o)
                              c:/st/stm32cubeide_1.8.0/stm32cubeide/plugins/com.st.stm32cube.ide.mcu.externaltools.gnu-tools-for-stm32.9-2020-q2-update.win32_2.0.0.202105311346/tools/bin/../lib/gcc/arm-none-eabi/9.3.1/../../../../arm-none-eabi/lib/thumb/v6-m/nofp\libc_nano.a(lib_a-fprintf.o) (_vfprintf_r)
c:/st/stm32cubeide_1.8.0/stm32cubeide/plugins/com.st.stm32cube.ide.mcu.externaltools.gnu-tools-for-stm32.9-2020-q2-update.win32_2.0.0.202105311346/tools/bin/../lib/gcc/arm-none-eabi/9.3.1/../../../../arm-none-eabi/lib/thumb/v6-m/nofp\libc_nano.a(lib_a-nano-vfprintf_i.o)
                              c:/st/stm32cubeide_1.8.0/stm32cubeide/plugins/com.st.stm32cube.ide.mcu.externaltools.gnu-tools-for-stm32.9-2020-q2-update.win32_2.0.0.202105311346/tools/bin/../lib/gcc/arm-none-eabi/9.3.1/../../../../arm-none-eabi/lib/thumb/v6-m/nofp\libc_nano.a(lib_a-nano-vfprintf.o) (_printf_i)
c:/st/stm32cubeide_1.8.0/stm32cubeide/plugins/com.st.stm32cube.ide.mcu.externaltools.gnu-tools-for-stm32.9-2020-q2-update.win32_2.0.0.202105311346/tools/bin/../lib/gcc/arm-none-eabi/9.3.1/../../../../arm-none-eabi/lib/thumb/v6-m/nofp\libc_nano.a(lib_a-sprintf.o)
                              ./Src/main.o (sprintf)
[...]
Memory Configuration

Name             Origin             Length             Attributes
RAM              0x0000000020000000 0x0000000000002000 xrw
FLASH            0x0000000008000000 0x0000000000010000 xr
*default*        0x0000000000000000 0xffffffffffffffff

Linker script and memory map

LOAD c:/st/stm32cubeide_1.8.0/stm32cubeide/plugins/com.st.stm32cube.ide.mcu.externaltools.gnu-tools-for-stm32.9-2020-q2-update.win32_2.0.0.202105311346/tools/bin/../lib/gcc/arm-none-eabi/9.3.1/thumb/v6-m/nofp/crti.o
LOAD c:/st/stm32cubeide_1.8.0/stm32cubeide/plugins/com.st.stm32cube.ide.mcu.externaltools.gnu-tools-for-stm32.9-2020-q2-update.win32_2.0.0.202105311346/tools/bin/../lib/gcc/arm-none-eabi/9.3.1/thumb/v6-m/nofp/crtbegin.o
LOAD c:/st/stm32cubeide_1.8.0/stm32cubeide/plugins/com.st.stm32cube.ide.mcu.externaltools.gnu-tools-for-stm32.9-2020-q2-update.win32_2.0.0.202105311346/tools/bin/../lib/gcc/arm-none-eabi/9.3.1/../../../../arm-none-eabi/lib/thumb/v6-m/nofp/crt0.o
LOAD ./Drivers/CMSIS/Device/ST/STM32F0xx/Source/Templates/system_stm32f0xx.o
LOAD ./Drivers/STM32F0xx_HAL_Driver/Src/stm32f0xx_hal.o
LOAD ./Drivers/STM32F0xx_HAL_Driver/Src/stm32f0xx_hal_cortex.o
LOAD ./Drivers/STM32F0xx_HAL_Driver/Src/stm32f0xx_hal_dma.o
LOAD ./Drivers/STM32F0xx_HAL_Driver/Src/stm32f0xx_hal_flash.o
LOAD ./Drivers/STM32F0xx_HAL_Driver/Src/stm32f0xx_hal_flash_ex.o
LOAD ./Drivers/STM32F0xx_HAL_Driver/Src/stm32f0xx_hal_gpio.o
LOAD ./Drivers/STM32F0xx_HAL_Driver/Src/stm32f0xx_hal_i2c.o
LOAD ./Drivers/STM32F0xx_HAL_Driver/Src/stm32f0xx_hal_i2c_ex.o
LOAD ./Drivers/STM32F0xx_HAL_Driver/Src/stm32f0xx_hal_pwr.o
LOAD ./Drivers/STM32F0xx_HAL_Driver/Src/stm32f0xx_hal_pwr_ex.o
LOAD ./Drivers/STM32F0xx_HAL_Driver/Src/stm32f0xx_hal_rcc.o
LOAD ./Drivers/STM32F0xx_HAL_Driver/Src/stm32f0xx_hal_rcc_ex.o
LOAD ./Drivers/STM32F0xx_HAL_Driver/Src/stm32f0xx_hal_spi.o
LOAD ./Drivers/STM32F0xx_HAL_Driver/Src/stm32f0xx_hal_spi_ex.o
LOAD ./Drivers/STM32F0xx_HAL_Driver/Src/stm32f0xx_hal_tim.o
LOAD ./Drivers/STM32F0xx_HAL_Driver/Src/stm32f0xx_hal_tim_ex.o
LOAD ./Drivers/STM32F0xx_HAL_Driver/Src/stm32f0xx_hal_uart.o
LOAD ./Drivers/STM32F0xx_HAL_Driver/Src/stm32f0xx_hal_uart_ex.o
LOAD ./Src/ADC.o
LOAD ./Src/FlashMemory.o
LOAD ./Src/TimerConf.o
LOAD ./Src/indicator_7s_sr.o
LOAD ./Src/main.o
LOAD ./Src/stm32f0xx_hal_msp.o
LOAD ./Src/stm32f0xx_hal_timebase_TIM.o
LOAD ./Src/stm32f0xx_it.o
LOAD ./modbus/functions/mbfunccoils.o
LOAD ./modbus/functions/mbfuncdiag.o
LOAD ./modbus/functions/mbfuncdisc.o
LOAD ./modbus/functions/mbfuncholding.o
LOAD ./modbus/functions/mbfuncinput.o
LOAD ./modbus/functions/mbfuncother.o
LOAD ./modbus/functions/mbutils.o
LOAD ./modbus/mb.o
LOAD ./modbus/port/mt_port.o
LOAD ./modbus/port/portevent.o
LOAD ./modbus/port/portserial.o
LOAD ./modbus/port/porttimer.o
LOAD ./modbus/rtu/mbcrc.o
LOAD ./modbus/rtu/mbrtu.o
LOAD ./startup/startup_stm32f030x8.o
START GROUP
LOAD c:/st/stm32cubeide_1.8.0/stm32cubeide/plugins/com.st.stm32cube.ide.mcu.externaltools.gnu-tools-for-stm32.9-2020-q2-update.win32_2.0.0.202105311346/tools/bin/../lib/gcc/arm-none-eabi/9.3.1/../../../../arm-none-eabi/lib/thumb/v6-m/nofp\libc_nano.a
LOAD c:/st/stm32cubeide_1.8.0/stm32cubeide/plugins/com.st.stm32cube.ide.mcu.externaltools.gnu-tools-for-stm32.9-2020-q2-update.win32_2.0.0.202105311346/tools/bin/../lib/gcc/arm-none-eabi/9.3.1/../../../../arm-none-eabi/lib/thumb/v6-m/nofp\libm.a
END GROUP
START GROUP
LOAD c:/st/stm32cubeide_1.8.0/stm32cubeide/plugins/com.st.stm32cube.ide.mcu.externaltools.gnu-tools-for-stm32.9-2020-q2-update.win32_2.0.0.202105311346/tools/bin/../lib/gcc/arm-none-eabi/9.3.1/thumb/v6-m/nofp\libgcc.a
LOAD c:/st/stm32cubeide_1.8.0/stm32cubeide/plugins/com.st.stm32cube.ide.mcu.externaltools.gnu-tools-for-stm32.9-2020-q2-update.win32_2.0.0.202105311346/tools/bin/../lib/gcc/arm-none-eabi/9.3.1/../../../../arm-none-eabi/lib/thumb/v6-m/nofp\libc_nano.a
END GROUP
START GROUP
LOAD c:/st/stm32cubeide_1.8.0/stm32cubeide/plugins/com.st.stm32cube.ide.mcu.externaltools.gnu-tools-for-stm32.9-2020-q2-update.win32_2.0.0.202105311346/tools/bin/../lib/gcc/arm-none-eabi/9.3.1/thumb/v6-m/nofp\libgcc.a
LOAD c:/st/stm32cubeide_1.8.0/stm32cubeide/plugins/com.st.stm32cube.ide.mcu.externaltools.gnu-tools-for-stm32.9-2020-q2-update.win32_2.0.0.202105311346/tools/bin/../lib/gcc/arm-none-eabi/9.3.1/../../../../arm-none-eabi/lib/thumb/v6-m/nofp\libc_nano.a
LOAD c:/st/stm32cubeide_1.8.0/stm32cubeide/plugins/com.st.stm32cube.ide.mcu.externaltools.gnu-tools-for-stm32.9-2020-q2-update.win32_2.0.0.202105311346/tools/bin/../lib/gcc/arm-none-eabi/9.3.1/../../../../arm-none-eabi/lib/thumb/v6-m/nofp\libnosys.a
END GROUP
START GROUP
LOAD c:/st/stm32cubeide_1.8.0/stm32cubeide/plugins/com.st.stm32cube.ide.mcu.externaltools.gnu-tools-for-stm32.9-2020-q2-update.win32_2.0.0.202105311346/tools/bin/../lib/gcc/arm-none-eabi/9.3.1/thumb/v6-m/nofp\libgcc.a
LOAD c:/st/stm32cubeide_1.8.0/stm32cubeide/plugins/com.st.stm32cube.ide.mcu.externaltools.gnu-tools-for-stm32.9-2020-q2-update.win32_2.0.0.202105311346/tools/bin/../lib/gcc/arm-none-eabi/9.3.1/../../../../arm-none-eabi/lib/thumb/v6-m/nofp\libc_nano.a
LOAD c:/st/stm32cubeide_1.8.0/stm32cubeide/plugins/com.st.stm32cube.ide.mcu.externaltools.gnu-tools-for-stm32.9-2020-q2-update.win32_2.0.0.202105311346/tools/bin/../lib/gcc/arm-none-eabi/9.3.1/../../../../arm-none-eabi/lib/thumb/v6-m/nofp\libnosys.a
END GROUP
LOAD c:/st/stm32cubeide_1.8.0/stm32cubeide/plugins/com.st.stm32cube.ide.mcu.externaltools.gnu-tools-for-stm32.9-2020-q2-update.win32_2.0.0.202105311346/tools/bin/../lib/gcc/arm-none-eabi/9.3.1/thumb/v6-m/nofp/crtend.o
LOAD c:/st/stm32cubeide_1.8.0/stm32cubeide/plugins/com.st.stm32cube.ide.mcu.externaltools.gnu-tools-for-stm32.9-2020-q2-update.win32_2.0.0.202105311346/tools/bin/../lib/gcc/arm-none-eabi/9.3.1/thumb/v6-m/nofp/crtn.o
                0x0000000020002000                _estack = 0x20002000
                0x0000000000000200                _Min_Heap_Size = 0x200
                0x0000000000000400                _Min_Stack_Size = 0x400

.isr_vector     0x0000000008000000       0xc0
                0x0000000008000000                . = ALIGN (0x4)
 *(.isr_vector)
 .isr_vector    0x0000000008000000       0xc0 ./startup/startup_stm32f030x8.o
                0x0000000008000000                g_pfnVectors
                0x00000000080000c0                . = ALIGN (0x4)

.text           0x00000000080000c0     0x833c
                0x00000000080000c0                . = ALIGN (0x4)
 *(.text)
 .text          0x00000000080000c0       0x48 c:/st/stm32cubeide_1.8.0/stm32cubeide/plugins/com.st.stm32cube.ide.mcu.externaltools.gnu-tools-for-stm32.9-2020-q2-update.win32_2.0.0.202105311346/tools/bin/../lib/gcc/arm-none-eabi/9.3.1/thumb/v6-m/nofp/crtbegin.o
 .text          0x0000000008000108       0x14 c:/st/stm32cubeide_1.8.0/stm32cubeide/plugins/com.st.stm32cube.ide.mcu.externaltools.gnu-tools-for-stm32.9-2020-q2-update.win32_2.0.0.202105311346/tools/bin/../lib/gcc/arm-none-eabi/9.3.1/thumb/v6-m/nofp\libgcc.a(_thumb1_case_shi.o)
                0x0000000008000108                __gnu_thumb1_case_shi
 .text          0x000000000800011c      0x114 c:/st/stm32cubeide_1.8.0/stm32cubeide/plugins/com.st.stm32cube.ide.mcu.externaltools.gnu-tools-for-stm32.9-2020-q2-update.win32_2.0.0.202105311346/tools/bin/../lib/gcc/arm-none-eabi/9.3.1/thumb/v6-m/nofp\libgcc.a(_udivsi3.o)
                0x000000000800011c                __aeabi_uidiv
                0x000000000800011c                __udivsi3
                0x0000000008000228                __aeabi_uidivmod
 .text          0x0000000008000230        0x4 c:/st/stm32cubeide_1.8.0/stm32cubeide/plugins/com.st.stm32cube.ide.mcu.externaltools.gnu-tools-for-stm32.9-2020-q2-update.win32_2.0.0.202105311346/tools/bin/../lib/gcc/arm-none-eabi/9.3.1/thumb/v6-m/nofp\libgcc.a(_dvmd_tls.o)
                0x0000000008000230                __aeabi_idiv0
                0x0000000008000230                __aeabi_ldiv0
 .text          0x0000000008000234       0x7c c:/st/stm32cubeide_1.8.0/stm32cubeide/plugins/com.st.stm32cube.ide.mcu.externaltools.gnu-tools-for-stm32.9-2020-q2-update.win32_2.0.0.202105311346/tools/bin/../lib/gcc/arm-none-eabi/9.3.1/thumb/v6-m/nofp\libgcc.a(_arm_cmpdf2.o)
                0x0000000008000234                __aeabi_cdrcmple
                0x0000000008000244                __aeabi_cdcmple
                0x0000000008000244                __aeabi_cdcmpeq
                0x0000000008000254                __aeabi_dcmpeq
                0x0000000008000260                __aeabi_dcmplt
                0x0000000008000274                __aeabi_dcmple
                0x0000000008000288                __aeabi_dcmpgt
                0x000000000800029c                __aeabi_dcmpge
 .text          0x00000000080002b0       0x74 c:/st/stm32cubeide_1.8.0/stm32cubeide/plugins/com.st.stm32cube.ide.mcu.externaltools.gnu-tools-for-stm32.9-2020-q2-update.win32_2.0.0.202105311346/tools/bin/../lib/gcc/arm-none-eabi/9.3.1/thumb/v6-m/nofp\libgcc.a(_arm_cmpsf2.o)
                0x00000000080002b0                __aeabi_cfrcmple
                0x00000000080002b8                __aeabi_cfcmpeq
                0x00000000080002b8                __aeabi_cfcmple
                0x00000000080002c8                __aeabi_fcmpeq
                0x00000000080002d4                __aeabi_fcmplt
                0x00000000080002e8                __aeabi_fcmple
                0x00000000080002fc                __aeabi_fcmpgt
                0x0000000008000310                __aeabi_fcmpge
 .text          0x0000000008000324       0x30 c:/st/stm32cubeide_1.8.0/stm32cubeide/plugins/com.st.stm32cube.ide.mcu.externaltools.gnu-tools-for-stm32.9-2020-q2-update.win32_2.0.0.202105311346/tools/bin/../lib/gcc/arm-none-eabi/9.3.1/thumb/v6-m/nofp\libgcc.a(_fixunssfsi.o)
                0x0000000008000324                __fixunssfsi
                0x0000000008000324                __aeabi_f2uiz
 .text          0x0000000008000354      0x338 c:/st/stm32cubeide_1.8.0/stm32cubeide/plugins/com.st.stm32cube.ide.mcu.externaltools.gnu-tools-for-stm32.9-2020-q2-update.win32_2.0.0.202105311346/tools/bin/../lib/gcc/arm-none-eabi/9.3.1/thumb/v6-m/nofp\libgcc.a(addsf3.o)
                0x0000000008000354                __aeabi_fadd
 .text          0x000000000800068c      0x218 c:/st/stm32cubeide_1.8.0/stm32cubeide/plugins/com.st.stm32cube.ide.mcu.externaltools.gnu-tools-for-stm32.9-2020-q2-update.win32_2.0.0.202105311346/tools/bin/../lib/gcc/arm-none-eabi/9.3.1/thumb/v6-m/nofp\libgcc.a(divsf3.o)
                0x000000000800068c                __aeabi_fdiv
 .text          0x00000000080008a4       0x50 c:/st/stm32cubeide_1.8.0/stm32cubeide/plugins/com.st.stm32cube.ide.mcu.externaltools.gnu-tools-for-stm32.9-2020-q2-update.win32_2.0.0.202105311346/tools/bin/../lib/gcc/arm-none-eabi/9.3.1/thumb/v6-m/nofp\libgcc.a(eqsf2.o)
                0x00000000080008a4                __eqsf2
                0x00000000080008a4                __nesf2
 .text          0x00000000080008f4       0x98 c:/st/stm32cubeide_1.8.0/stm32cubeide/plugins/com.st.stm32cube.ide.mcu.externaltools.gnu-tools-for-stm32.9-2020-q2-update.win32_2.0.0.202105311346/tools/bin/../lib/gcc/arm-none-eabi/9.3.1/thumb/v6-m/nofp\libgcc.a(gesf2.o)
                0x00000000080008f4                __gesf2
                0x00000000080008f4                __gtsf2
 .text          0x000000000800098c       0x94 c:/st/stm32cubeide_1.8.0/stm32cubeide/plugins/com.st.stm32cube.ide.mcu.externaltools.gnu-tools-for-stm32.9-2020-q2-update.win32_2.0.0.202105311346/tools/bin/../lib/gcc/arm-none-eabi/9.3.1/thumb/v6-m/nofp\libgcc.a(lesf2.o)
                0x000000000800098c                __ltsf2
                0x000000000800098c                __lesf2
 .text          0x0000000008000a20      0x234 c:/st/stm32cubeide_1.8.0/stm32cubeide/plugins/com.st.stm32cube.ide.mcu.externaltools.gnu-tools-for-stm32.9-2020-q2-update.win32_2.0.0.202105311346/tools/bin/../lib/gcc/arm-none-eabi/9.3.1/thumb/v6-m/nofp\libgcc.a(mulsf3.o)
                0x0000000008000a20                __aeabi_fmul
 .text          0x0000000008000c54      0x390 c:/st/stm32cubeide_1.8.0/stm32cubeide/plugins/com.st.stm32cube.ide.mcu.externaltools.gnu-tools-for-stm32.9-2020-q2-update.win32_2.0.0.202105311346/tools/bin/../lib/gcc/arm-none-eabi/9.3.1/thumb/v6-m/nofp\libgcc.a(subsf3.o)
                0x0000000008000c54                __aeabi_fsub
 .text          0x0000000008000fe4       0x2c c:/st/stm32cubeide_1.8.0/stm32cubeide/plugins/com.st.stm32cube.ide.mcu.externaltools.gnu-tools-for-stm32.9-2020-q2-update.win32_2.0.0.202105311346/tools/bin/../lib/gcc/arm-none-eabi/9.3.1/thumb/v6-m/nofp\libgcc.a(unordsf2.o)
                0x0000000008000fe4                __aeabi_fcmpun
 .text          0x0000000008001010       0x40 c:/st/stm32cubeide_1.8.0/stm32cubeide/plugins/com.st.stm32cube.ide.mcu.externaltools.gnu-tools-for-stm32.9-2020-q2-update.win32_2.0.0.202105311346/tools/bin/../lib/gcc/arm-none-eabi/9.3.1/thumb/v6-m/nofp\libgcc.a(fixsfsi.o)
                0x0000000008001010                __aeabi_f2iz
 .text          0x0000000008001050       0x8c c:/st/stm32cubeide_1.8.0/stm32cubeide/plugins/com.st.stm32cube.ide.mcu.externaltools.gnu-tools-for-stm32.9-2020-q2-update.win32_2.0.0.202105311346/tools/bin/../lib/gcc/arm-none-eabi/9.3.1/thumb/v6-m/nofp\libgcc.a(floatsisf.o)
                0x0000000008001050                __aeabi_i2f
 .text          0x00000000080010dc       0x78 c:/st/stm32cubeide_1.8.0/stm32cubeide/plugins/com.st.stm32cube.ide.mcu.externaltools.gnu-tools-for-stm32.9-2020-q2-update.win32_2.0.0.202105311346/tools/bin/../lib/gcc/arm-none-eabi/9.3.1/thumb/v6-m/nofp\libgcc.a(floatunsisf.o)
                0x00000000080010dc                __aeabi_ui2f
 .text          0x0000000008001154      0x6d4 c:/st/stm32cubeide_1.8.0/stm32cubeide/plugins/com.st.stm32cube.ide.mcu.externaltools.gnu-tools-for-stm32.9-2020-q2-update.win32_2.0.0.202105311346/tools/bin/../lib/gcc/arm-none-eabi/9.3.1/thumb/v6-m/nofp\libgcc.a(adddf3.o)
                0x0000000008001154                __aeabi_dadd
 .text          0x0000000008001828       0x78 c:/st/stm32cubeide_1.8.0/stm32cubeide/plugins/com.st.stm32cube.ide.mcu.externaltools.gnu-tools-for-stm32.9-2020-q2-update.win32_2.0.0.202105311346/tools/bin/../lib/gcc/arm-none-eabi/9.3.1/thumb/v6-m/nofp\libgcc.a(eqdf2.o)
                0x0000000008001828                __nedf2
                0x0000000008001828                __eqdf2
 .text          0x00000000080018a0       0xe4 c:/st/stm32cubeide_1.8.0/stm32cubeide/plugins/com.st.stm32cube.ide.mcu.externaltools.gnu-tools-for-stm32.9-2020-q2-update.win32_2.0.0.202105311346/tools/bin/../lib/gcc/arm-none-eabi/9.3.1/thumb/v6-m/nofp\libgcc.a(gedf2.o)
                0x00000000080018a0                __gedf2
                0x00000000080018a0                __gtdf2
 .text          0x0000000008001984       0xe0 c:/st/stm32cubeide_1.8.0/stm32cubeide/plugins/com.st.stm32cube.ide.mcu.externaltools.gnu-tools-for-stm32.9-2020-q2-update.win32_2.0.0.202105311346/tools/bin/../lib/gcc/arm-none-eabi/9.3.1/thumb/v6-m/nofp\libgcc.a(ledf2.o)
                0x0000000008001984                __ledf2
                0x0000000008001984                __ltdf2
 .text          0x0000000008001a64      0x4d8 c:/st/stm32cubeide_1.8.0/stm32cubeide/plugins/com.st.stm32cube.ide.mcu.externaltools.gnu-tools-for-stm32.9-2020-q2-update.win32_2.0.0.202105311346/tools/bin/../lib/gcc/arm-none-eabi/9.3.1/thumb/v6-m/nofp\libgcc.a(muldf3.o)
                0x0000000008001a64                __aeabi_dmul
 .text          0x0000000008001f3c      0x724 c:/st/stm32cubeide_1.8.0/stm32cubeide/plugins/com.st.stm32cube.ide.mcu.externaltools.gnu-tools-for-stm32.9-2020-q2-update.win32_2.0.0.202105311346/tools/bin/../lib/gcc/arm-none-eabi/9.3.1/thumb/v6-m/nofp\libgcc.a(subdf3.o)
                0x0000000008001f3c                __aeabi_dsub
 .text          0x0000000008002660       0x60 c:/st/stm32cubeide_1.8.0/stm32cubeide/plugins/com.st.stm32cube.ide.mcu.externaltools.gnu-tools-for-stm32.9-2020-q2-update.win32_2.0.0.202105311346/tools/bin/../lib/gcc/arm-none-eabi/9.3.1/thumb/v6-m/nofp\libgcc.a(floatsidf.o)
                0x0000000008002660                __aeabi_i2d
 .text          0x00000000080026c0       0x90 c:/st/stm32cubeide_1.8.0/stm32cubeide/plugins/com.st.stm32cube.ide.mcu.externaltools.gnu-tools-for-stm32.9-2020-q2-update.win32_2.0.0.202105311346/tools/bin/../lib/gcc/arm-none-eabi/9.3.1/thumb/v6-m/nofp\libgcc.a(extendsfdf2.o)
                0x00000000080026c0                __aeabi_f2d
 .text          0x0000000008002750      0x110 c:/st/stm32cubeide_1.8.0/stm32cubeide/plugins/com.st.stm32cube.ide.mcu.externaltools.gnu-tools-for-stm32.9-2020-q2-update.win32_2.0.0.202105311346/tools/bin/../lib/gcc/arm-none-eabi/9.3.1/thumb/v6-m/nofp\libgcc.a(truncdfsf2.o)
                0x0000000008002750                __aeabi_d2f
 .text          0x0000000008002860       0x3c c:/st/stm32cubeide_1.8.0/stm32cubeide/plugins/com.st.stm32cube.ide.mcu.externaltools.gnu-tools-for-stm32.9-2020-q2-update.win32_2.0.0.202105311346/tools/bin/../lib/gcc/arm-none-eabi/9.3.1/thumb/v6-m/nofp\libgcc.a(_clzsi2.o)
                0x0000000008002860                __clzsi2
 *(.text*)
 .text.SystemInit
                0x000000000800289c        0x2 ./Drivers/CMSIS/Device/ST/STM32F0xx/Source/Templates/system_stm32f0xx.o
                0x000000000800289c                SystemInit
 *fill*         0x000000000800289e        0x2 
 .text.HAL_Init
                0x00000000080028a0       0x20 ./Drivers/STM32F0xx_HAL_Driver/Src/stm32f0xx_hal.o
                0x00000000080028a0                HAL_Init
 .text.HAL_IncTick
                0x00000000080028c0       0x18 ./Drivers/STM32F0xx_HAL_Driver/Src/stm32f0xx_hal.o
                0x00000000080028c0                HAL_IncTick
 .text.HAL_GetTick
                0x00000000080028d8        0xc ./Drivers/STM32F0xx_HAL_Driver/Src/stm32f0xx_hal.o
                0x00000000080028d8                HAL_GetTick
 .text.HAL_Delay
                0x00000000080028e4       0x24 ./Drivers/STM32F0xx_HAL_Driver/Src/stm32f0xx_hal.o
                0x00000000080028e4                HAL_Delay
 .text.HAL_NVIC_SetPriority
                0x0000000008002908       0x60 ./Drivers/STM32F0xx_HAL_Driver/Src/stm32f0xx_hal_cortex.o
                0x0000000008002908                HAL_NVIC_SetPriority
 .text.HAL_NVIC_EnableIRQ
                0x0000000008002968       0x18 ./Drivers/STM32F0xx_HAL_Driver/Src/stm32f0xx_hal_cortex.o
                0x0000000008002968                HAL_NVIC_EnableIRQ
 .text.HAL_SYSTICK_Config
                0x0000000008002980       0x38 ./Drivers/STM32F0xx_HAL_Driver/Src/stm32f0xx_hal_cortex.o
                0x0000000008002980                HAL_SYSTICK_Config
 .text.HAL_SYSTICK_CLKSourceConfig
                0x00000000080029b8       0x20 ./Drivers/STM32F0xx_HAL_Driver/Src/stm32f0xx_hal_cortex.o
                0x00000000080029b8                HAL_SYSTICK_CLKSourceConfig
 .text.HAL_SYSTICK_Callback
                0x00000000080029d8        0x2 ./Drivers/STM32F0xx_HAL_Driver/Src/stm32f0xx_hal_cortex.o
                0x00000000080029d8                HAL_SYSTICK_Callback
 .text.HAL_SYSTICK_IRQHandler
                0x00000000080029da        0x8 ./Drivers/STM32F0xx_HAL_Driver/Src/stm32f0xx_hal_cortex.o
                0x00000000080029da                HAL_SYSTICK_IRQHandler
 .text.HAL_DMA_Abort
                0x00000000080029e2       0x44 ./Drivers/STM32F0xx_HAL_Driver/Src/stm32f0xx_hal_dma.o
                0x00000000080029e2                HAL_DMA_Abort
 .text.HAL_DMA_Abort_IT
                0x0000000008002a26       0x4a ./Drivers/STM32F0xx_HAL_Driver/Src/stm32f0xx_hal_dma.o
                0x0000000008002a26                HAL_DMA_Abort_IT
 .text.HAL_GPIO_Init
                0x0000000008002a70      0x18c ./Drivers/STM32F0xx_HAL_Driver/Src/stm32f0xx_hal_gpio.o
                0x0000000008002a70                HAL_GPIO_Init
 .text.HAL_RCC_OscConfig
                0x0000000008002bfc      0x49c ./Drivers/STM32F0xx_HAL_Driver/Src/stm32f0xx_hal_rcc.o
                0x0000000008002bfc                HAL_RCC_OscConfig
 .text.HAL_RCC_GetSysClockFreq
                0x0000000008003098       0x50 ./Drivers/STM32F0xx_HAL_Driver/Src/stm32f0xx_hal_rcc.o
                0x0000000008003098                HAL_RCC_GetSysClockFreq
 .text.HAL_RCC_ClockConfig
                0x00000000080030e8      0x134 ./Drivers/STM32F0xx_HAL_Driver/Src/stm32f0xx_hal_rcc.o
                0x00000000080030e8                HAL_RCC_ClockConfig
 .text.HAL_RCC_GetHCLKFreq
                0x000000000800321c        0xc ./Drivers/STM32F0xx_HAL_Driver/Src/stm32f0xx_hal_rcc.o
                0x000000000800321c                HAL_RCC_GetHCLKFreq
 .text.HAL_RCC_GetPCLK1Freq
                0x0000000008003228       0x20 ./Drivers/STM32F0xx_HAL_Driver/Src/stm32f0xx_hal_rcc.o
                0x0000000008003228                HAL_RCC_GetPCLK1Freq
 .text.HAL_RCC_GetClockConfig
                0x0000000008003248       0x38 ./Drivers/STM32F0xx_HAL_Driver/Src/stm32f0xx_hal_rcc.o
                0x0000000008003248                HAL_RCC_GetClockConfig
 .text.HAL_RCCEx_PeriphCLKConfig
                0x0000000008003280      0x11c ./Drivers/STM32F0xx_HAL_Driver/Src/stm32f0xx_hal_rcc_ex.o
                0x0000000008003280                HAL_RCCEx_PeriphCLKConfig
 .text.HAL_SPI_ErrorCallback
                0x000000000800339c        0x2 ./Drivers/STM32F0xx_HAL_Driver/Src/stm32f0xx_hal_spi.o
                0x000000000800339c                HAL_SPI_ErrorCallback
 *fill*         0x000000000800339e        0x2 
 .text.HAL_SPI_IRQHandler
                0x00000000080033a0      0x124 ./Drivers/STM32F0xx_HAL_Driver/Src/stm32f0xx_hal_spi.o
                0x00000000080033a0                HAL_SPI_IRQHandler
 .text.SPI_DMAAbortOnError
                0x00000000080034c4       0x12 ./Drivers/STM32F0xx_HAL_Driver/Src/stm32f0xx_hal_spi.o
 *fill*         0x00000000080034d6        0x2 
 .text.HAL_TIM_Base_Start_IT
                0x00000000080034d8       0x64 ./Drivers/STM32F0xx_HAL_Driver/Src/stm32f0xx_hal_tim.o
                0x00000000080034d8                HAL_TIM_Base_Start_IT
 .text.HAL_TIM_Base_Stop_IT
                0x000000000800353c       0x38 ./Drivers/STM32F0xx_HAL_Driver/Src/stm32f0xx_hal_tim.o
                0x000000000800353c                HAL_TIM_Base_Stop_IT
 .text.HAL_TIM_OC_DelayElapsedCallback
                0x0000000008003574        0x2 ./Drivers/STM32F0xx_HAL_Driver/Src/stm32f0xx_hal_tim.o
                0x0000000008003574                HAL_TIM_OC_DelayElapsedCallback
 .text.HAL_TIM_IC_CaptureCallback
                0x0000000008003576        0x2 ./Drivers/STM32F0xx_HAL_Driver/Src/stm32f0xx_hal_tim.o
                0x0000000008003576                HAL_TIM_IC_CaptureCallback
 .text.HAL_TIM_PWM_PulseFinishedCallback
                0x0000000008003578        0x2 ./Drivers/STM32F0xx_HAL_Driver/Src/stm32f0xx_hal_tim.o
                0x0000000008003578                HAL_TIM_PWM_PulseFinishedCallback
 .text.HAL_TIM_TriggerCallback
                0x000000000800357a        0x2 ./Drivers/STM32F0xx_HAL_Driver/Src/stm32f0xx_hal_tim.o
                0x000000000800357a                HAL_TIM_TriggerCallback
 .text.HAL_TIM_IRQHandler
                0x000000000800357c      0x13e ./Drivers/STM32F0xx_HAL_Driver/Src/stm32f0xx_hal_tim.o
                0x000000000800357c                HAL_TIM_IRQHandler
 *fill*         0x00000000080036ba        0x2 
 .text.TIM_Base_SetConfig
                0x00000000080036bc       0x9c ./Drivers/STM32F0xx_HAL_Driver/Src/stm32f0xx_hal_tim.o
                0x00000000080036bc                TIM_Base_SetConfig
 .text.HAL_TIM_Base_Init
                0x0000000008003758       0x58 ./Drivers/STM32F0xx_HAL_Driver/Src/stm32f0xx_hal_tim.o
                0x0000000008003758                HAL_TIM_Base_Init
 .text.HAL_TIMEx_CommutCallback
                0x00000000080037b0        0x2 ./Drivers/STM32F0xx_HAL_Driver/Src/stm32f0xx_hal_tim_ex.o
                0x00000000080037b0                HAL_TIMEx_CommutCallback
 .text.HAL_TIMEx_BreakCallback
                0x00000000080037b2        0x2 ./Drivers/STM32F0xx_HAL_Driver/Src/stm32f0xx_hal_tim_ex.o
                0x00000000080037b2                HAL_TIMEx_BreakCallback
 .text.UART_EndRxTransfer
                0x00000000080037b4       0x60 ./Drivers/STM32F0xx_HAL_Driver/Src/stm32f0xx_hal_uart.o
 .text.UART_TxISR_8BIT
                0x0000000008003814       0x5e ./Drivers/STM32F0xx_HAL_Driver/Src/stm32f0xx_hal_uart.o
 .text.UART_TxISR_16BIT
                0x0000000008003872       0x62 ./Drivers/STM32F0xx_HAL_Driver/Src/stm32f0xx_hal_uart.o
 .text.HAL_UART_Transmit_IT
                0x00000000080038d4       0x84 ./Drivers/STM32F0xx_HAL_Driver/Src/stm32f0xx_hal_uart.o
                0x00000000080038d4                HAL_UART_Transmit_IT
 .text.UART_EndTransmit_IT
                0x0000000008003958       0x28 ./Drivers/STM32F0xx_HAL_Driver/Src/stm32f0xx_hal_uart.o
 .text.HAL_UART_ErrorCallback
                0x0000000008003980        0x2 ./Drivers/STM32F0xx_HAL_Driver/Src/stm32f0xx_hal_uart.o
                0x0000000008003980                HAL_UART_ErrorCallback
 .text.UART_DMAAbortOnError
                0x0000000008003982       0x10 ./Drivers/STM32F0xx_HAL_Driver/Src/stm32f0xx_hal_uart.o
 .text.HAL_UART_AbortTransmitCpltCallback
                0x0000000008003992        0x2 ./Drivers/STM32F0xx_HAL_Driver/Src/stm32f0xx_hal_uart.o
                0x0000000008003992                HAL_UART_AbortTransmitCpltCallback
 .text.HAL_UART_AbortTransmit_IT
                0x0000000008003994       0x88 ./Drivers/STM32F0xx_HAL_Driver/Src/stm32f0xx_hal_uart.o
                0x0000000008003994                HAL_UART_AbortTransmit_IT
 .text.UART_DMATxOnlyAbortCallback
                0x0000000008003a1c       0x14 ./Drivers/STM32F0xx_HAL_Driver/Src/stm32f0xx_hal_uart.o
 .text.HAL_UART_AbortReceiveCpltCallback
                0x0000000008003a30        0x2 ./Drivers/STM32F0xx_HAL_Driver/Src/stm32f0xx_hal_uart.o
                0x0000000008003a30                HAL_UART_AbortReceiveCpltCallback
 *fill*         0x0000000008003a32        0x2 
 .text.HAL_UART_AbortReceive_IT
                0x0000000008003a34       0xd8 ./Drivers/STM32F0xx_HAL_Driver/Src/stm32f0xx_hal_uart.o
                0x0000000008003a34                HAL_UART_AbortReceive_IT
 .text.UART_DMARxOnlyAbortCallback
                0x0000000008003b0c       0x28 ./Drivers/STM32F0xx_HAL_Driver/Src/stm32f0xx_hal_uart.o
 .text.HAL_UARTEx_RxEventCallback
                0x0000000008003b34        0x2 ./Drivers/STM32F0xx_HAL_Driver/Src/stm32f0xx_hal_uart.o
                0x0000000008003b34                HAL_UARTEx_RxEventCallback
 *fill*         0x0000000008003b36        0x2 
 .text.HAL_UART_IRQHandler
                0x0000000008003b38      0x2dc ./Drivers/STM32F0xx_HAL_Driver/Src/stm32f0xx_hal_uart.o
                0x0000000008003b38                HAL_UART_IRQHandler
 .text.UART_RxISR_8BIT
                0x0000000008003e14       0xdc ./Drivers/STM32F0xx_HAL_Driver/Src/stm32f0xx_hal_uart.o
 .text.UART_RxISR_16BIT
                0x0000000008003ef0       0xd8 ./Drivers/STM32F0xx_HAL_Driver/Src/stm32f0xx_hal_uart.o
 .text.UART_SetConfig
                0x0000000008003fc8      0x174 ./Drivers/STM32F0xx_HAL_Driver/Src/stm32f0xx_hal_uart.o
                0x0000000008003fc8                UART_SetConfig
 .text.UART_AdvFeatureConfig
                0x000000000800413c       0xe0 ./Drivers/STM32F0xx_HAL_Driver/Src/stm32f0xx_hal_uart.o
                0x000000000800413c                UART_AdvFeatureConfig
 .text.UART_WaitOnFlagUntilTimeout
                0x000000000800421c       0x9e ./Drivers/STM32F0xx_HAL_Driver/Src/stm32f0xx_hal_uart.o
                0x000000000800421c                UART_WaitOnFlagUntilTimeout
 *fill*         0x00000000080042ba        0x2 
 .text.UART_CheckIdleState
                0x00000000080042bc       0xd0 ./Drivers/STM32F0xx_HAL_Driver/Src/stm32f0xx_hal_uart.o
                0x00000000080042bc                UART_CheckIdleState
 .text.HAL_UART_Init
                0x000000000800438c       0x6c ./Drivers/STM32F0xx_HAL_Driver/Src/stm32f0xx_hal_uart.o
                0x000000000800438c                HAL_UART_Init
 .text.UART_Start_Receive_IT
                0x00000000080043f8       0xd8 ./Drivers/STM32F0xx_HAL_Driver/Src/stm32f0xx_hal_uart.o
                0x00000000080043f8                UART_Start_Receive_IT
 .text.HAL_UART_Receive_IT
                0x00000000080044d0       0x62 ./Drivers/STM32F0xx_HAL_Driver/Src/stm32f0xx_hal_uart.o
                0x00000000080044d0                HAL_UART_Receive_IT
 *fill*         0x0000000008004532        0x2 
 .text.ADC_Init
                0x0000000008004534       0x64 ./Src/ADC.o
                0x0000000008004534                ADC_Init
 .text.ADC_Read
                0x0000000008004598       0x28 ./Src/ADC.o
                0x0000000008004598                ADC_Read
 .text.FlashUnlock
                0x00000000080045c0       0x18 ./Src/FlashMemory.o
                0x00000000080045c0                FlashUnlock
 .text.FlashLock
                0x00000000080045d8       0x10 ./Src/FlashMemory.o
                0x00000000080045d8                FlashLock
 .text.EraseFlashPage
                0x00000000080045e8       0x48 ./Src/FlashMemory.o
                0x00000000080045e8                EraseFlashPage
 .text.WriteToFleshMemory
                0x0000000008004630       0x80 ./Src/FlashMemory.o
                0x0000000008004630                WriteToFleshMemory
 .text.ReadToFleshMemory
                0x00000000080046b0       0x20 ./Src/FlashMemory.o
                0x00000000080046b0                ReadToFleshMemory
 .text.InitTIM3
                0x00000000080046d0       0x40 ./Src/TimerConf.o
                0x00000000080046d0                InitTIM3
 .text.InitTIM14
                0x0000000008004710       0x3c ./Src/TimerConf.o
                0x0000000008004710                InitTIM14
 .text.InitTIM15
                0x000000000800474c       0x40 ./Src/TimerConf.o
                0x000000000800474c                InitTIM15
 .text.indicator_sgd4
                0x000000000800478c      0x1c4 ./Src/indicator_7s_sr.o
                0x000000000800478c                indicator_sgd4
 .text.MX_SPI1_Init
                0x0000000008004950       0xd4 ./Src/main.o
 .text.MX_GPIO_Init
                0x0000000008004a24      0x138 ./Src/main.o
 .text.USART_send_symbol
                0x0000000008004b5c       0x1c ./Src/main.o
                0x0000000008004b5c                USART_send_symbol
 .text.USART_send_string
                0x0000000008004b78       0x1c ./Src/main.o
                0x0000000008004b78                USART_send_string
 .text.Setting_Init
                0x0000000008004b94      0x104 ./Src/main.o
                0x0000000008004b94                Setting_Init
 .text.GasMeasurement
                0x0000000008004c98      0x418 ./Src/main.o
                0x0000000008004c98                GasMeasurement
 .text.IWDG_Init
                0x00000000080050b0       0x34 ./Src/main.o
                0x00000000080050b0                IWDG_Init
 .text.IWDG_Reset
                0x00000000080050e4       0x10 ./Src/main.o
                0x00000000080050e4                IWDG_Reset
 .text.ModeAlarm
                0x00000000080050f4      0x288 ./Src/main.o
                0x00000000080050f4                ModeAlarm
 .text.HAL_GPIO_EXTI_Callback
                0x000000000800537c       0xc4 ./Src/main.o
                0x000000000800537c                HAL_GPIO_EXTI_Callback
 .text.CheckingKeyTimings
                0x0000000008005440       0x68 ./Src/main.o
                0x0000000008005440                CheckingKeyTimings
 .text.eMBRegInputCB
                0x00000000080054a8       0x6c ./Src/main.o
                0x00000000080054a8                eMBRegInputCB
 .text.eMBRegHoldingCB
                0x0000000008005514      0x158 ./Src/main.o
                0x0000000008005514                eMBRegHoldingCB
 .text.eMBRegCoilsCB
                0x000000000800566c        0x4 ./Src/main.o
                0x000000000800566c                eMBRegCoilsCB
 .text.eMBRegDiscreteCB
                0x0000000008005670        0x4 ./Src/main.o
                0x0000000008005670                eMBRegDiscreteCB
 .text.IndicationSensitivity
                0x0000000008005674       0x48 ./Src/main.o
                0x0000000008005674                IndicationSensitivity
 .text.KeyPress
                0x00000000080056bc      0x324 ./Src/main.o
                0x00000000080056bc                KeyPress
 .text._Error_Handler
                0x00000000080059e0        0x2 ./Src/main.o
                0x00000000080059e0                _Error_Handler
 *fill*         0x00000000080059e2        0x2 
 .text.MX_USART1_UART_Init
                0x00000000080059e4       0x44 ./Src/main.o
 .text.MX_USART2_UART_Init
                0x0000000008005a28       0x44 ./Src/main.o
 .text.MX_TIM16_Init
                0x0000000008005a6c       0x3c ./Src/main.o
 .text.SystemClock_Config
                0x0000000008005aa8       0xa4 ./Src/main.o
                0x0000000008005aa8                SystemClock_Config
 .text.main     0x0000000008005b4c      0x2bc ./Src/main.o
                0x0000000008005b4c                main
 .text.HAL_MspInit
                0x0000000008005e08       0x54 ./Src/stm32f0xx_hal_msp.o
                0x0000000008005e08                HAL_MspInit
 .text.HAL_TIM_Base_MspInit
                0x0000000008005e5c       0x40 ./Src/stm32f0xx_hal_msp.o
                0x0000000008005e5c                HAL_TIM_Base_MspInit
 .text.HAL_UART_MspInit
                0x0000000008005e9c       0xac ./Src/stm32f0xx_hal_msp.o
                0x0000000008005e9c                HAL_UART_MspInit
 .text.HAL_InitTick
                0x0000000008005f48       0x78 ./Src/stm32f0xx_hal_timebase_TIM.o
                0x0000000008005f48                HAL_InitTick
 .text.NMI_Handler
                0x0000000008005fc0        0x2 ./Src/stm32f0xx_it.o
                0x0000000008005fc0                NMI_Handler
 .text.HardFault_Handler
                0x0000000008005fc2        0x2 ./Src/stm32f0xx_it.o
                0x0000000008005fc2                HardFault_Handler
 .text.SVC_Handler
                0x0000000008005fc4        0x2 ./Src/stm32f0xx_it.o
                0x0000000008005fc4                SVC_Handler
 .text.PendSV_Handler
                0x0000000008005fc6        0x2 ./Src/stm32f0xx_it.o
                0x0000000008005fc6                PendSV_Handler
 .text.SysTick_Handler
                0x0000000008005fc8        0x8 ./Src/stm32f0xx_it.o
                0x0000000008005fc8                SysTick_Handler
 .text.RCC_IRQHandler
                0x0000000008005fd0        0x2 ./Src/stm32f0xx_it.o
                0x0000000008005fd0                RCC_IRQHandler
 *fill*         0x0000000008005fd2        0x2 
 .text.TIM6_IRQHandler
                0x0000000008005fd4       0x10 ./Src/stm32f0xx_it.o
                0x0000000008005fd4                TIM6_IRQHandler
 .text.TIM3_IRQHandler
                0x0000000008005fe4       0x24 ./Src/stm32f0xx_it.o
                0x0000000008005fe4                TIM3_IRQHandler
 .text.TIM14_IRQHandler
                0x0000000008006008       0x24 ./Src/stm32f0xx_it.o
                0x0000000008006008                TIM14_IRQHandler
 .text.TIM16_IRQHandler
                0x000000000800602c       0x10 ./Src/stm32f0xx_it.o
                0x000000000800602c                TIM16_IRQHandler
 .text.TIM17_IRQHandler
                0x000000000800603c       0x2c ./Src/stm32f0xx_it.o
                0x000000000800603c                TIM17_IRQHandler
 .text.TIM15_IRQHandler
                0x0000000008006068       0x40 ./Src/stm32f0xx_it.o
                0x0000000008006068                TIM15_IRQHandler
 .text.SPI1_IRQHandler
                0x00000000080060a8       0x10 ./Src/stm32f0xx_it.o
                0x00000000080060a8                SPI1_IRQHandler
 .text.USART1_IRQHandler
                0x00000000080060b8       0x10 ./Src/stm32f0xx_it.o
                0x00000000080060b8                USART1_IRQHandler
 .text.USART2_IRQHandler
                0x00000000080060c8       0x10 ./Src/stm32f0xx_it.o
                0x00000000080060c8                USART2_IRQHandler
 .text.EXTI2_3_IRQHandler
                0x00000000080060d8       0x18 ./Src/stm32f0xx_it.o
                0x00000000080060d8                EXTI2_3_IRQHandler
 .text.EXTI4_15_IRQHandler
                0x00000000080060f0       0x1c ./Src/stm32f0xx_it.o
                0x00000000080060f0                EXTI4_15_IRQHandler
 .text.eMBFuncReadCoils
                0x000000000800610c       0x78 ./modbus/functions/mbfunccoils.o
                0x000000000800610c                eMBFuncReadCoils
 .text.eMBFuncWriteCoil
                0x0000000008006184       0x5e ./modbus/functions/mbfunccoils.o
                0x0000000008006184                eMBFuncWriteCoil
 .text.eMBFuncWriteMultipleCoils
                0x00000000080061e2       0x66 ./modbus/functions/mbfunccoils.o
                0x00000000080061e2                eMBFuncWriteMultipleCoils
 .text.eMBFuncReadDiscreteInputs
                0x0000000008006248       0x78 ./modbus/functions/mbfuncdisc.o
                0x0000000008006248                eMBFuncReadDiscreteInputs
 .text.eMBFuncWriteHoldingRegister
                0x00000000080062c0       0x2c ./modbus/functions/mbfuncholding.o
                0x00000000080062c0                eMBFuncWriteHoldingRegister
 .text.eMBFuncWriteMultipleHoldingRegister
                0x00000000080062ec       0x54 ./modbus/functions/mbfuncholding.o
                0x00000000080062ec                eMBFuncWriteMultipleHoldingRegister
 .text.eMBFuncReadHoldingRegister
                0x0000000008006340       0x62 ./modbus/functions/mbfuncholding.o
                0x0000000008006340                eMBFuncReadHoldingRegister
 .text.eMBFuncReadWriteMultipleHoldingRegister
                0x00000000080063a2       0xaa ./modbus/functions/mbfuncholding.o
                0x00000000080063a2                eMBFuncReadWriteMultipleHoldingRegister
 .text.eMBFuncReadInputRegister
                0x000000000800644c       0x64 ./modbus/functions/mbfuncinput.o
                0x000000000800644c                eMBFuncReadInputRegister
 .text.eMBFuncReportSlaveID
                0x00000000080064b0       0x1c ./modbus/functions/mbfuncother.o
                0x00000000080064b0                eMBFuncReportSlaveID
 .text.prveMBError2Exception
                0x00000000080064cc       0x18 ./modbus/functions/mbutils.o
                0x00000000080064cc                prveMBError2Exception
 .text.eMBInit  0x00000000080064e4       0x9c ./modbus/mb.o
                0x00000000080064e4                eMBInit
 .text.eMBEnable
                0x0000000008006580       0x28 ./modbus/mb.o
                0x0000000008006580                eMBEnable
 .text.eMBDisable
                0x00000000080065a8       0x30 ./modbus/mb.o
                0x00000000080065a8                eMBDisable
 .text.eMBPoll  0x00000000080065d8       0xec ./modbus/mb.o
                0x00000000080065d8                eMBPoll
 .text.EnterCriticalSection
                0x00000000080066c4       0x10 ./modbus/port/mt_port.o
                0x00000000080066c4                EnterCriticalSection
 .text.ExitCriticalSection
                0x00000000080066d4       0x14 ./modbus/port/mt_port.o
                0x00000000080066d4                ExitCriticalSection
 .text.MT_PORT_SetTimerModule
                0x00000000080066e8        0xc ./modbus/port/mt_port.o
                0x00000000080066e8                MT_PORT_SetTimerModule
 .text.MT_PORT_SetUartModule
                0x00000000080066f4        0xc ./modbus/port/mt_port.o
                0x00000000080066f4                MT_PORT_SetUartModule
 .text.xMBPortEventInit
                0x0000000008006700       0x10 ./modbus/port/portevent.o
                0x0000000008006700                xMBPortEventInit
 .text.xMBPortEventPost
                0x0000000008006710       0x10 ./modbus/port/portevent.o
                0x0000000008006710                xMBPortEventPost
 .text.xMBPortEventGet
                0x0000000008006720       0x1c ./modbus/port/portevent.o
                0x0000000008006720                xMBPortEventGet
 .text.prvvUARTTxReadyISR
                0x000000000800673c       0x10 ./modbus/port/portserial.o
 .text.prvvUARTRxISR
                0x000000000800674c       0x10 ./modbus/port/portserial.o
 .text.vMBPortSerialEnable
                0x000000000800675c       0x48 ./modbus/port/portserial.o
                0x000000000800675c                vMBPortSerialEnable
 .text.xMBPortSerialInit
                0x00000000080067a4        0x4 ./modbus/port/portserial.o
                0x00000000080067a4                xMBPortSerialInit
 .text.xMBPortSerialPutByte
                0x00000000080067a8       0x24 ./modbus/port/portserial.o
                0x00000000080067a8                xMBPortSerialPutByte
 .text.xMBPortSerialGetByte
                0x00000000080067cc       0x20 ./modbus/port/portserial.o
                0x00000000080067cc                xMBPortSerialGetByte
 .text.HAL_UART_TxCpltCallback
                0x00000000080067ec       0x28 ./modbus/port/portserial.o
                0x00000000080067ec                HAL_UART_TxCpltCallback
 .text.HAL_UART_RxCpltCallback
                0x0000000008006814       0x1c ./modbus/port/portserial.o
                0x0000000008006814                HAL_UART_RxCpltCallback
 .text.prvvTIMERExpiredISR
                0x0000000008006830       0x10 ./modbus/port/porttimer.o
 .text.xMBPortTimersInit
                0x0000000008006840        0xc ./modbus/port/porttimer.o
                0x0000000008006840                xMBPortTimersInit
 .text.vMBPortTimersEnable
                0x000000000800684c       0x1c ./modbus/port/porttimer.o
                0x000000000800684c                vMBPortTimersEnable
 .text.vMBPortTimersDisable
                0x0000000008006868       0x10 ./modbus/port/porttimer.o
                0x0000000008006868                vMBPortTimersDisable
 .text.HAL_TIM_PeriodElapsedCallback
                0x0000000008006878       0x44 ./modbus/port/porttimer.o
                0x0000000008006878                HAL_TIM_PeriodElapsedCallback
 .text.usMBCRC16
                0x00000000080068bc       0x34 ./modbus/rtu/mbcrc.o
                0x00000000080068bc                usMBCRC16
 .text.eMBRTUInit
                0x00000000080068f0       0x50 ./modbus/rtu/mbrtu.o
                0x00000000080068f0                eMBRTUInit
 .text.eMBRTUStart
                0x0000000008006940       0x24 ./modbus/rtu/mbrtu.o
                0x0000000008006940                eMBRTUStart
 .text.eMBRTUStop
                0x0000000008006964       0x18 ./modbus/rtu/mbrtu.o
                0x0000000008006964                eMBRTUStop
 .text.eMBRTUReceive
                0x000000000800697c       0x74 ./modbus/rtu/mbrtu.o
                0x000000000800697c                eMBRTUReceive
 .text.eMBRTUSend
                0x00000000080069f0       0x70 ./modbus/rtu/mbrtu.o
                0x00000000080069f0                eMBRTUSend
 .text.xMBRTUReceiveFSM
                0x0000000008006a60       0xb0 ./modbus/rtu/mbrtu.o
                0x0000000008006a60                xMBRTUReceiveFSM
 .text.xMBRTUTransmitFSM
                0x0000000008006b10       0x88 ./modbus/rtu/mbrtu.o
                0x0000000008006b10                xMBRTUTransmitFSM
 .text.xMBRTUTimerT35Expired
                0x0000000008006b98       0x7c ./modbus/rtu/mbrtu.o
                0x0000000008006b98                xMBRTUTimerT35Expired
 .text.Reset_Handler
                0x0000000008006c14       0x50 ./startup/startup_stm32f030x8.o
                0x0000000008006c14                Reset_Handler
 .text.Default_Handler
                0x0000000008006c64        0x2 ./startup/startup_stm32f030x8.o
                0x0000000008006c64                TIM1_CC_IRQHandler
                0x0000000008006c64                I2C1_IRQHandler
                0x0000000008006c64                ADC1_IRQHandler
                0x0000000008006c64                I2C2_IRQHandler
                0x0000000008006c64                RTC_IRQHandler
                0x0000000008006c64                DMA1_Channel1_IRQHandler
                0x0000000008006c64                Default_Handler
                0x0000000008006c64                DMA1_Channel4_5_IRQHandler
                0x0000000008006c64                EXTI0_1_IRQHandler
                0x0000000008006c64                SPI2_IRQHandler
                0x0000000008006c64                WWDG_IRQHandler
                0x0000000008006c64                DMA1_Channel2_3_IRQHandler
                0x0000000008006c64                FLASH_IRQHandler
                0x0000000008006c64                TIM1_BRK_UP_TRG_COM_IRQHandler
 *fill*         0x0000000008006c66        0x2 
 .text.__assert_func
                0x0000000008006c68       0x3c c:/st/stm32cubeide_1.8.0/stm32cubeide/plugins/com.st.stm32cube.ide.mcu.externaltools.gnu-tools-for-stm32.9-2020-q2-update.win32_2.0.0.202105311346/tools/bin/../lib/gcc/arm-none-eabi/9.3.1/../../../../arm-none-eabi/lib/thumb/v6-m/nofp\libc_nano.a(lib_a-assert.o)
                0x0000000008006c68                __assert_func
 .text.fprintf  0x0000000008006ca4       0x20 c:/st/stm32cubeide_1.8.0/stm32cubeide/plugins/com.st.stm32cube.ide.mcu.externaltools.gnu-tools-for-stm32.9-2020-q2-update.win32_2.0.0.202105311346/tools/bin/../lib/gcc/arm-none-eabi/9.3.1/../../../../arm-none-eabi/lib/thumb/v6-m/nofp\libc_nano.a(lib_a-fprintf.o)
                0x0000000008006ca4                fiprintf
                0x0000000008006ca4                fprintf
 .text.__libc_init_array
                0x0000000008006cc4       0x48 c:/st/stm32cubeide_1.8.0/stm32cubeide/plugins/com.st.stm32cube.ide.mcu.externaltools.gnu-tools-for-stm32.9-2020-q2-update.win32_2.0.0.202105311346/tools/bin/../lib/gcc/arm-none-eabi/9.3.1/../../../../arm-none-eabi/lib/thumb/v6-m/nofp\libc_nano.a(lib_a-init.o)
                0x0000000008006cc4                __libc_init_array
 .text.memcpy   0x0000000008006d0c       0x12 c:/st/stm32cubeide_1.8.0/stm32cubeide/plugins/com.st.stm32cube.ide.mcu.externaltools.gnu-tools-for-stm32.9-2020-q2-update.win32_2.0.0.202105311346/tools/bin/../lib/gcc/arm-none-eabi/9.3.1/../../../../arm-none-eabi/lib/thumb/v6-m/nofp\libc_nano.a(lib_a-memcpy-stub.o)
                0x0000000008006d0c                memcpy
 .text.memset   0x0000000008006d1e       0x10 c:/st/stm32cubeide_1.8.0/stm32cubeide/plugins/com.st.stm32cube.ide.mcu.externaltools.gnu-tools-for-stm32.9-2020-q2-update.win32_2.0.0.202105311346/tools/bin/../lib/gcc/arm-none-eabi/9.3.1/../../../../arm-none-eabi/lib/thumb/v6-m/nofp\libc_nano.a(lib_a-memset.o)
                0x0000000008006d1e                memset
 .text.__sfputc_r
                0x0000000008006d2e       0x2a c:/st/stm32cubeide_1.8.0/stm32cubeide/plugins/com.st.stm32cube.ide.mcu.externaltools.gnu-tools-for-stm32.9-2020-q2-update.win32_2.0.0.202105311346/tools/bin/../lib/gcc/arm-none-eabi/9.3.1/../../../../arm-none-eabi/lib/thumb/v6-m/nofp\libc_nano.a(lib_a-nano-vfprintf.o)
 .text.__sfputs_r
                0x0000000008006d58       0x24 c:/st/stm32cubeide_1.8.0/stm32cubeide/plugins/com.st.stm32cube.ide.mcu.externaltools.gnu-tools-for-stm32.9-2020-q2-update.win32_2.0.0.202105311346/tools/bin/../lib/gcc/arm-none-eabi/9.3.1/../../../../arm-none-eabi/lib/thumb/v6-m/nofp\libc_nano.a(lib_a-nano-vfprintf.o)
                0x0000000008006d58                __sfputs_r
 .text._vfprintf_r
                0x0000000008006d7c      0x274 c:/st/stm32cubeide_1.8.0/stm32cubeide/plugins/com.st.stm32cube.ide.mcu.externaltools.gnu-tools-for-stm32.9-2020-q2-update.win32_2.0.0.202105311346/tools/bin/../lib/gcc/arm-none-eabi/9.3.1/../../../../arm-none-eabi/lib/thumb/v6-m/nofp\libc_nano.a(lib_a-nano-vfprintf.o)
                0x0000000008006d7c                _vfprintf_r
                0x0000000008006d7c                _vfiprintf_r
 .text._printf_common
                0x0000000008006ff0       0xde c:/st/stm32cubeide_1.8.0/stm32cubeide/plugins/com.st.stm32cube.ide.mcu.externaltools.gnu-tools-for-stm32.9-2020-q2-update.win32_2.0.0.202105311346/tools/bin/../lib/gcc/arm-none-eabi/9.3.1/../../../../arm-none-eabi/lib/thumb/v6-m/nofp\libc_nano.a(lib_a-nano-vfprintf_i.o)
                0x0000000008006ff0                _printf_common
 *fill*         0x00000000080070ce        0x2 
 .text._printf_i
                0x00000000080070d0      0x224 c:/st/stm32cubeide_1.8.0/stm32cubeide/plugins/com.st.stm32cube.ide.mcu.externaltools.gnu-tools-for-stm32.9-2020-q2-update.win32_2.0.0.202105311346/tools/bin/../lib/gcc/arm-none-eabi/9.3.1/../../../../arm-none-eabi/lib/thumb/v6-m/nofp\libc_nano.a(lib_a-nano-vfprintf_i.o)
                0x00000000080070d0                _printf_i
 .text.sprintf  0x00000000080072f4       0x40 c:/st/stm32cubeide_1.8.0/stm32cubeide/plugins/com.st.stm32cube.ide.mcu.externaltools.gnu-tools-for-stm32.9-2020-q2-update.win32_2.0.0.202105311346/tools/bin/../lib/gcc/arm-none-eabi/9.3.1/../../../../arm-none-eabi/lib/thumb/v6-m/nofp\libc_nano.a(lib_a-sprintf.o)
                0x00000000080072f4                siprintf
                0x00000000080072f4                sprintf
 .text.__swbuf_r
                0x0000000008007334       0xac c:/st/stm32cubeide_1.8.0/stm32cubeide/plugins/com.st.stm32cube.ide.mcu.externaltools.gnu-tools-for-stm32.9-2020-q2-update.win32_2.0.0.202105311346/tools/bin/../lib/gcc/arm-none-eabi/9.3.1/../../../../arm-none-eabi/lib/thumb/v6-m/nofp\libc_nano.a(lib_a-wbuf.o)
                0x0000000008007334                __swbuf_r
 .text.__swsetup_r
                0x00000000080073e0       0xf0 c:/st/stm32cubeide_1.8.0/stm32cubeide/plugins/com.st.stm32cube.ide.mcu.externaltools.gnu-tools-for-stm32.9-2020-q2-update.win32_2.0.0.202105311346/tools/bin/../lib/gcc/arm-none-eabi/9.3.1/../../../../arm-none-eabi/lib/thumb/v6-m/nofp\libc_nano.a(lib_a-wsetup.o)
                0x00000000080073e0                __swsetup_r
 .text.abort    0x00000000080074d0        0xe c:/st/stm32cubeide_1.8.0/stm32cubeide/plugins/com.st.stm32cube.ide.mcu.externaltools.gnu-tools-for-stm32.9-2020-q2-update.win32_2.0.0.202105311346/tools/bin/../lib/gcc/arm-none-eabi/9.3.1/../../../../arm-none-eabi/lib/thumb/v6-m/nofp\libc_nano.a(lib_a-abort.o)
                0x00000000080074d0                abort
 *fill*         0x00000000080074de        0x2 
 .text.__sflush_r
                0x00000000080074e0      0x118 c:/st/stm32cubeide_1.8.0/stm32cubeide/plugins/com.st.stm32cube.ide.mcu.externaltools.gnu-tools-for-stm32.9-2020-q2-update.win32_2.0.0.202105311346/tools/bin/../lib/gcc/arm-none-eabi/9.3.1/../../../../arm-none-eabi/lib/thumb/v6-m/nofp\libc_nano.a(lib_a-fflush.o)
                0x00000000080074e0                __sflush_r
 .text._fflush_r
                0x00000000080075f8       0x80 c:/st/stm32cubeide_1.8.0/stm32cubeide/plugins/com.st.stm32cube.ide.mcu.externaltools.gnu-tools-for-stm32.9-2020-q2-update.win32_2.0.0.202105311346/tools/bin/../lib/gcc/arm-none-eabi/9.3.1/../../../../arm-none-eabi/lib/thumb/v6-m/nofp\libc_nano.a(lib_a-fflush.o)
                0x00000000080075f8                _fflush_r
 .text.std      0x0000000008007678       0x48 c:/st/stm32cubeide_1.8.0/stm32cubeide/plugins/com.st.stm32cube.ide.mcu.externaltools.gnu-tools-for-stm32.9-2020-q2-update.win32_2.0.0.202105311346/tools/bin/../lib/gcc/arm-none-eabi/9.3.1/../../../../arm-none-eabi/lib/thumb/v6-m/nofp\libc_nano.a(lib_a-findfp.o)
 .text._cleanup_r
                0x00000000080076c0       0x10 c:/st/stm32cubeide_1.8.0/stm32cubeide/plugins/com.st.stm32cube.ide.mcu.externaltools.gnu-tools-for-stm32.9-2020-q2-update.win32_2.0.0.202105311346/tools/bin/../lib/gcc/arm-none-eabi/9.3.1/../../../../arm-none-eabi/lib/thumb/v6-m/nofp\libc_nano.a(lib_a-findfp.o)
                0x00000000080076c0                _cleanup_r
 .text.__sfmoreglue
                0x00000000080076d0       0x2c c:/st/stm32cubeide_1.8.0/stm32cubeide/plugins/com.st.stm32cube.ide.mcu.externaltools.gnu-tools-for-stm32.9-2020-q2-update.win32_2.0.0.202105311346/tools/bin/../lib/gcc/arm-none-eabi/9.3.1/../../../../arm-none-eabi/lib/thumb/v6-m/nofp\libc_nano.a(lib_a-findfp.o)
                0x00000000080076d0                __sfmoreglue
 .text.__sfp_lock_acquire
                0x00000000080076fc       0x10 c:/st/stm32cubeide_1.8.0/stm32cubeide/plugins/com.st.stm32cube.ide.mcu.externaltools.gnu-tools-for-stm32.9-2020-q2-update.win32_2.0.0.202105311346/tools/bin/../lib/gcc/arm-none-eabi/9.3.1/../../../../arm-none-eabi/lib/thumb/v6-m/nofp\libc_nano.a(lib_a-findfp.o)
                0x00000000080076fc                __sfp_lock_acquire
 .text.__sfp_lock_release
                0x000000000800770c       0x10 c:/st/stm32cubeide_1.8.0/stm32cubeide/plugins/com.st.stm32cube.ide.mcu.externaltools.gnu-tools-for-stm32.9-2020-q2-update.win32_2.0.0.202105311346/tools/bin/../lib/gcc/arm-none-eabi/9.3.1/../../../../arm-none-eabi/lib/thumb/v6-m/nofp\libc_nano.a(lib_a-findfp.o)
                0x000000000800770c                __sfp_lock_release
 .text.__sinit_lock_acquire
                0x000000000800771c       0x10 c:/st/stm32cubeide_1.8.0/stm32cubeide/plugins/com.st.stm32cube.ide.mcu.externaltools.gnu-tools-for-stm32.9-2020-q2-update.win32_2.0.0.202105311346/tools/bin/../lib/gcc/arm-none-eabi/9.3.1/../../../../arm-none-eabi/lib/thumb/v6-m/nofp\libc_nano.a(lib_a-findfp.o)
                0x000000000800771c                __sinit_lock_acquire
 .text.__sinit_lock_release
                0x000000000800772c       0x10 c:/st/stm32cubeide_1.8.0/stm32cubeide/plugins/com.st.stm32cube.ide.mcu.externaltools.gnu-tools-for-stm32.9-2020-q2-update.win32_2.0.0.202105311346/tools/bin/../lib/gcc/arm-none-eabi/9.3.1/../../../../arm-none-eabi/lib/thumb/v6-m/nofp\libc_nano.a(lib_a-findfp.o)
                0x000000000800772c                __sinit_lock_release
 .text.__sinit  0x000000000800773c       0x70 c:/st/stm32cubeide_1.8.0/stm32cubeide/plugins/com.st.stm32cube.ide.mcu.externaltools.gnu-tools-for-stm32.9-2020-q2-update.win32_2.0.0.202105311346/tools/bin/../lib/gcc/arm-none-eabi/9.3.1/../../../../arm-none-eabi/lib/thumb/v6-m/nofp\libc_nano.a(lib_a-findfp.o)
                0x000000000800773c                __sinit
 .text.__sfp    0x00000000080077ac       0x90 c:/st/stm32cubeide_1.8.0/stm32cubeide/plugins/com.st.stm32cube.ide.mcu.externaltools.gnu-tools-for-stm32.9-2020-q2-update.win32_2.0.0.202105311346/tools/bin/../lib/gcc/arm-none-eabi/9.3.1/../../../../arm-none-eabi/lib/thumb/v6-m/nofp\libc_nano.a(lib_a-findfp.o)
                0x00000000080077ac                __sfp
 .text._fwalk_reent
                0x000000000800783c       0x40 c:/st/stm32cubeide_1.8.0/stm32cubeide/plugins/com.st.stm32cube.ide.mcu.externaltools.gnu-tools-for-stm32.9-2020-q2-update.win32_2.0.0.202105311346/tools/bin/../lib/gcc/arm-none-eabi/9.3.1/../../../../arm-none-eabi/lib/thumb/v6-m/nofp\libc_nano.a(lib_a-fwalk.o)
                0x000000000800783c                _fwalk_reent
 .text.__retarget_lock_init_recursive
                0x000000000800787c        0x2 c:/st/stm32cubeide_1.8.0/stm32cubeide/plugins/com.st.stm32cube.ide.mcu.externaltools.gnu-tools-for-stm32.9-2020-q2-update.win32_2.0.0.202105311346/tools/bin/../lib/gcc/arm-none-eabi/9.3.1/../../../../arm-none-eabi/lib/thumb/v6-m/nofp\libc_nano.a(lib_a-lock.o)
                0x000000000800787c                __retarget_lock_init_recursive
 .text.__retarget_lock_acquire_recursive
                0x000000000800787e        0x2 c:/st/stm32cubeide_1.8.0/stm32cubeide/plugins/com.st.stm32cube.ide.mcu.externaltools.gnu-tools-for-stm32.9-2020-q2-update.win32_2.0.0.202105311346/tools/bin/../lib/gcc/arm-none-eabi/9.3.1/../../../../arm-none-eabi/lib/thumb/v6-m/nofp\libc_nano.a(lib_a-lock.o)
                0x000000000800787e                __retarget_lock_acquire_recursive
 .text.__retarget_lock_release_recursive
                0x0000000008007880        0x2 c:/st/stm32cubeide_1.8.0/stm32cubeide/plugins/com.st.stm32cube.ide.mcu.externaltools.gnu-tools-for-stm32.9-2020-q2-update.win32_2.0.0.202105311346/tools/bin/../lib/gcc/arm-none-eabi/9.3.1/../../../../arm-none-eabi/lib/thumb/v6-m/nofp\libc_nano.a(lib_a-lock.o)
                0x0000000008007880                __retarget_lock_release_recursive
 *fill*         0x0000000008007882        0x2 
 .text.__swhatbuf_r
                0x0000000008007884       0x50 c:/st/stm32cubeide_1.8.0/stm32cubeide/plugins/com.st.stm32cube.ide.mcu.externaltools.gnu-tools-for-stm32.9-2020-q2-update.win32_2.0.0.202105311346/tools/bin/../lib/gcc/arm-none-eabi/9.3.1/../../../../arm-none-eabi/lib/thumb/v6-m/nofp\libc_nano.a(lib_a-makebuf.o)
                0x0000000008007884                __swhatbuf_r
 .text.__smakebuf_r
                0x00000000080078d4       0x88 c:/st/stm32cubeide_1.8.0/stm32cubeide/plugins/com.st.stm32cube.ide.mcu.externaltools.gnu-tools-for-stm32.9-2020-q2-update.win32_2.0.0.202105311346/tools/bin/../lib/gcc/arm-none-eabi/9.3.1/../../../../arm-none-eabi/lib/thumb/v6-m/nofp\libc_nano.a(lib_a-makebuf.o)
                0x00000000080078d4                __smakebuf_r
 .text.memchr   0x000000000800795c       0x16 c:/st/stm32cubeide_1.8.0/stm32cubeide/plugins/com.st.stm32cube.ide.mcu.externaltools.gnu-tools-for-stm32.9-2020-q2-update.win32_2.0.0.202105311346/tools/bin/../lib/gcc/arm-none-eabi/9.3.1/../../../../arm-none-eabi/lib/thumb/v6-m/nofp\libc_nano.a(lib_a-memchr-stub.o)
                0x000000000800795c                memchr
 .text.memmove  0x0000000008007972       0x26 c:/st/stm32cubeide_1.8.0/stm32cubeide/plugins/com.st.stm32cube.ide.mcu.externaltools.gnu-tools-for-stm32.9-2020-q2-update.win32_2.0.0.202105311346/tools/bin/../lib/gcc/arm-none-eabi/9.3.1/../../../../arm-none-eabi/lib/thumb/v6-m/nofp\libc_nano.a(lib_a-memmove.o)
                0x0000000008007972                memmove
 .text._free_r  0x0000000008007998       0x94 c:/st/stm32cubeide_1.8.0/stm32cubeide/plugins/com.st.stm32cube.ide.mcu.externaltools.gnu-tools-for-stm32.9-2020-q2-update.win32_2.0.0.202105311346/tools/bin/../lib/gcc/arm-none-eabi/9.3.1/../../../../arm-none-eabi/lib/thumb/v6-m/nofp\libc_nano.a(lib_a-nano-freer.o)
                0x0000000008007998                _free_r
 .text._malloc_r
                0x0000000008007a2c       0xbc c:/st/stm32cubeide_1.8.0/stm32cubeide/plugins/com.st.stm32cube.ide.mcu.externaltools.gnu-tools-for-stm32.9-2020-q2-update.win32_2.0.0.202105311346/tools/bin/../lib/gcc/arm-none-eabi/9.3.1/../../../../arm-none-eabi/lib/thumb/v6-m/nofp\libc_nano.a(lib_a-nano-mallocr.o)
                0x0000000008007a2c                _malloc_r
 .text._realloc_r
                0x0000000008007ae8       0x4c c:/st/stm32cubeide_1.8.0/stm32cubeide/plugins/com.st.stm32cube.ide.mcu.externaltools.gnu-tools-for-stm32.9-2020-q2-update.win32_2.0.0.202105311346/tools/bin/../lib/gcc/arm-none-eabi/9.3.1/../../../../arm-none-eabi/lib/thumb/v6-m/nofp\libc_nano.a(lib_a-nano-reallocr.o)
                0x0000000008007ae8                _realloc_r
 .text.__ssputs_r
                0x0000000008007b34       0xc4 c:/st/stm32cubeide_1.8.0/stm32cubeide/plugins/com.st.stm32cube.ide.mcu.externaltools.gnu-tools-for-stm32.9-2020-q2-update.win32_2.0.0.202105311346/tools/bin/../lib/gcc/arm-none-eabi/9.3.1/../../../../arm-none-eabi/lib/thumb/v6-m/nofp\libc_nano.a(lib_a-nano-svfprintf.o)
                0x0000000008007b34                __ssputs_r
 .text._svfprintf_r
                0x0000000008007bf8      0x200 c:/st/stm32cubeide_1.8.0/stm32cubeide/plugins/com.st.stm32cube.ide.mcu.externaltools.gnu-tools-for-stm32.9-2020-q2-update.win32_2.0.0.202105311346/tools/bin/../lib/gcc/arm-none-eabi/9.3.1/../../../../arm-none-eabi/lib/thumb/v6-m/nofp\libc_nano.a(lib_a-nano-svfprintf.o)
                0x0000000008007bf8                _svfiprintf_r
                0x0000000008007bf8                _svfprintf_r
 .text._sbrk_r  0x0000000008007df8       0x24 c:/st/stm32cubeide_1.8.0/stm32cubeide/plugins/com.st.stm32cube.ide.mcu.externaltools.gnu-tools-for-stm32.9-2020-q2-update.win32_2.0.0.202105311346/tools/bin/../lib/gcc/arm-none-eabi/9.3.1/../../../../arm-none-eabi/lib/thumb/v6-m/nofp\libc_nano.a(lib_a-sbrkr.o)
                0x0000000008007df8                _sbrk_r
 .text._raise_r
                0x0000000008007e1c       0x54 c:/st/stm32cubeide_1.8.0/stm32cubeide/plugins/com.st.stm32cube.ide.mcu.externaltools.gnu-tools-for-stm32.9-2020-q2-update.win32_2.0.0.202105311346/tools/bin/../lib/gcc/arm-none-eabi/9.3.1/../../../../arm-none-eabi/lib/thumb/v6-m/nofp\libc_nano.a(lib_a-signal.o)
                0x0000000008007e1c                _raise_r
 .text.raise    0x0000000008007e70       0x14 c:/st/stm32cubeide_1.8.0/stm32cubeide/plugins/com.st.stm32cube.ide.mcu.externaltools.gnu-tools-for-stm32.9-2020-q2-update.win32_2.0.0.202105311346/tools/bin/../lib/gcc/arm-none-eabi/9.3.1/../../../../arm-none-eabi/lib/thumb/v6-m/nofp\libc_nano.a(lib_a-signal.o)
                0x0000000008007e70                raise
 .text._kill_r  0x0000000008007e84       0x24 c:/st/stm32cubeide_1.8.0/stm32cubeide/plugins/com.st.stm32cube.ide.mcu.externaltools.gnu-tools-for-stm32.9-2020-q2-update.win32_2.0.0.202105311346/tools/bin/../lib/gcc/arm-none-eabi/9.3.1/../../../../arm-none-eabi/lib/thumb/v6-m/nofp\libc_nano.a(lib_a-signalr.o)
                0x0000000008007e84                _kill_r
 .text._getpid_r
                0x0000000008007ea8        0x8 c:/st/stm32cubeide_1.8.0/stm32cubeide/plugins/com.st.stm32cube.ide.mcu.externaltools.gnu-tools-for-stm32.9-2020-q2-update.win32_2.0.0.202105311346/tools/bin/../lib/gcc/arm-none-eabi/9.3.1/../../../../arm-none-eabi/lib/thumb/v6-m/nofp\libc_nano.a(lib_a-signalr.o)
                0x0000000008007ea8                _getpid_r
 .text.__sread  0x0000000008007eb0       0x28 c:/st/stm32cubeide_1.8.0/stm32cubeide/plugins/com.st.stm32cube.ide.mcu.externaltools.gnu-tools-for-stm32.9-2020-q2-update.win32_2.0.0.202105311346/tools/bin/../lib/gcc/arm-none-eabi/9.3.1/../../../../arm-none-eabi/lib/thumb/v6-m/nofp\libc_nano.a(lib_a-stdio.o)
                0x0000000008007eb0                __sread
 .text.__swrite
                0x0000000008007ed8       0x38 c:/st/stm32cubeide_1.8.0/stm32cubeide/plugins/com.st.stm32cube.ide.mcu.externaltools.gnu-tools-for-stm32.9-2020-q2-update.win32_2.0.0.202105311346/tools/bin/../lib/gcc/arm-none-eabi/9.3.1/../../../../arm-none-eabi/lib/thumb/v6-m/nofp\libc_nano.a(lib_a-stdio.o)
                0x0000000008007ed8                __swrite
 .text.__sseek  0x0000000008007f10       0x2c c:/st/stm32cubeide_1.8.0/stm32cubeide/plugins/com.st.stm32cube.ide.mcu.externaltools.gnu-tools-for-stm32.9-2020-q2-update.win32_2.0.0.202105311346/tools/bin/../lib/gcc/arm-none-eabi/9.3.1/../../../../arm-none-eabi/lib/thumb/v6-m/nofp\libc_nano.a(lib_a-stdio.o)
                0x0000000008007f10                __sseek
 .text.__sclose
                0x0000000008007f3c        0xc c:/st/stm32cubeide_1.8.0/stm32cubeide/plugins/com.st.stm32cube.ide.mcu.externaltools.gnu-tools-for-stm32.9-2020-q2-update.win32_2.0.0.202105311346/tools/bin/../lib/gcc/arm-none-eabi/9.3.1/../../../../arm-none-eabi/lib/thumb/v6-m/nofp\libc_nano.a(lib_a-stdio.o)
                0x0000000008007f3c                __sclose
 .text._write_r
                0x0000000008007f48       0x28 c:/st/stm32cubeide_1.8.0/stm32cubeide/plugins/com.st.stm32cube.ide.mcu.externaltools.gnu-tools-for-stm32.9-2020-q2-update.win32_2.0.0.202105311346/tools/bin/../lib/gcc/arm-none-eabi/9.3.1/../../../../arm-none-eabi/lib/thumb/v6-m/nofp\libc_nano.a(lib_a-writer.o)
                0x0000000008007f48                _write_r
 .text._close_r
                0x0000000008007f70       0x24 c:/st/stm32cubeide_1.8.0/stm32cubeide/plugins/com.st.stm32cube.ide.mcu.externaltools.gnu-tools-for-stm32.9-2020-q2-update.win32_2.0.0.202105311346/tools/bin/../lib/gcc/arm-none-eabi/9.3.1/../../../../arm-none-eabi/lib/thumb/v6-m/nofp\libc_nano.a(lib_a-closer.o)
                0x0000000008007f70                _close_r
 .text._fstat_r
                0x0000000008007f94       0x24 c:/st/stm32cubeide_1.8.0/stm32cubeide/plugins/com.st.stm32cube.ide.mcu.externaltools.gnu-tools-for-stm32.9-2020-q2-update.win32_2.0.0.202105311346/tools/bin/../lib/gcc/arm-none-eabi/9.3.1/../../../../arm-none-eabi/lib/thumb/v6-m/nofp\libc_nano.a(lib_a-fstatr.o)
                0x0000000008007f94                _fstat_r
 .text._isatty_r
                0x0000000008007fb8       0x24 c:/st/stm32cubeide_1.8.0/stm32cubeide/plugins/com.st.stm32cube.ide.mcu.externaltools.gnu-tools-for-stm32.9-2020-q2-update.win32_2.0.0.202105311346/tools/bin/../lib/gcc/arm-none-eabi/9.3.1/../../../../arm-none-eabi/lib/thumb/v6-m/nofp\libc_nano.a(lib_a-isattyr.o)
                0x0000000008007fb8                _isatty_r
 .text._lseek_r
                0x0000000008007fdc       0x28 c:/st/stm32cubeide_1.8.0/stm32cubeide/plugins/com.st.stm32cube.ide.mcu.externaltools.gnu-tools-for-stm32.9-2020-q2-update.win32_2.0.0.202105311346/tools/bin/../lib/gcc/arm-none-eabi/9.3.1/../../../../arm-none-eabi/lib/thumb/v6-m/nofp\libc_nano.a(lib_a-lseekr.o)
                0x0000000008007fdc                _lseek_r
 .text.__malloc_lock
                0x0000000008008004       0x10 c:/st/stm32cubeide_1.8.0/stm32cubeide/plugins/com.st.stm32cube.ide.mcu.externaltools.gnu-tools-for-stm32.9-2020-q2-update.win32_2.0.0.202105311346/tools/bin/../lib/gcc/arm-none-eabi/9.3.1/../../../../arm-none-eabi/lib/thumb/v6-m/nofp\libc_nano.a(lib_a-mlock.o)
                0x0000000008008004                __malloc_lock
 .text.__malloc_unlock
                0x0000000008008014       0x10 c:/st/stm32cubeide_1.8.0/stm32cubeide/plugins/com.st.stm32cube.ide.mcu.externaltools.gnu-tools-for-stm32.9-2020-q2-update.win32_2.0.0.202105311346/tools/bin/../lib/gcc/arm-none-eabi/9.3.1/../../../../arm-none-eabi/lib/thumb/v6-m/nofp\libc_nano.a(lib_a-mlock.o)
                0x0000000008008014                __malloc_unlock
 .text._malloc_usable_size_r
                0x0000000008008024       0x10 c:/st/stm32cubeide_1.8.0/stm32cubeide/plugins/com.st.stm32cube.ide.mcu.externaltools.gnu-tools-for-stm32.9-2020-q2-update.win32_2.0.0.202105311346/tools/bin/../lib/gcc/arm-none-eabi/9.3.1/../../../../arm-none-eabi/lib/thumb/v6-m/nofp\libc_nano.a(lib_a-nano-msizer.o)
                0x0000000008008024                _malloc_usable_size_r
 .text._read_r  0x0000000008008034       0x28 c:/st/stm32cubeide_1.8.0/stm32cubeide/plugins/com.st.stm32cube.ide.mcu.externaltools.gnu-tools-for-stm32.9-2020-q2-update.win32_2.0.0.202105311346/tools/bin/../lib/gcc/arm-none-eabi/9.3.1/../../../../arm-none-eabi/lib/thumb/v6-m/nofp\libc_nano.a(lib_a-readr.o)
                0x0000000008008034                _read_r
 .text.logf     0x000000000800805c       0x64 c:/st/stm32cubeide_1.8.0/stm32cubeide/plugins/com.st.stm32cube.ide.mcu.externaltools.gnu-tools-for-stm32.9-2020-q2-update.win32_2.0.0.202105311346/tools/bin/../lib/gcc/arm-none-eabi/9.3.1/../../../../arm-none-eabi/lib/thumb/v6-m/nofp\libm.a(lib_a-wf_log.o)
                0x000000000800805c                logf
 .text.__ieee754_logf
                0x00000000080080c0      0x26c c:/st/stm32cubeide_1.8.0/stm32cubeide/plugins/com.st.stm32cube.ide.mcu.externaltools.gnu-tools-for-stm32.9-2020-q2-update.win32_2.0.0.202105311346/tools/bin/../lib/gcc/arm-none-eabi/9.3.1/../../../../arm-none-eabi/lib/thumb/v6-m/nofp\libm.a(lib_a-ef_log.o)
                0x00000000080080c0                __ieee754_logf
 .text.nanf     0x000000000800832c        0x8 c:/st/stm32cubeide_1.8.0/stm32cubeide/plugins/com.st.stm32cube.ide.mcu.externaltools.gnu-tools-for-stm32.9-2020-q2-update.win32_2.0.0.202105311346/tools/bin/../lib/gcc/arm-none-eabi/9.3.1/../../../../arm-none-eabi/lib/thumb/v6-m/nofp\libm.a(lib_a-sf_nan.o)
                0x000000000800832c                nanf
 .text.__errno  0x0000000008008334        0xc c:/st/stm32cubeide_1.8.0/stm32cubeide/plugins/com.st.stm32cube.ide.mcu.externaltools.gnu-tools-for-stm32.9-2020-q2-update.win32_2.0.0.202105311346/tools/bin/../lib/gcc/arm-none-eabi/9.3.1/../../../../arm-none-eabi/lib/thumb/v6-m/nofp\libc_nano.a(lib_a-errno.o)
                0x0000000008008334                __errno
 .text._close   0x0000000008008340       0x10 c:/st/stm32cubeide_1.8.0/stm32cubeide/plugins/com.st.stm32cube.ide.mcu.externaltools.gnu-tools-for-stm32.9-2020-q2-update.win32_2.0.0.202105311346/tools/bin/../lib/gcc/arm-none-eabi/9.3.1/../../../../arm-none-eabi/lib/thumb/v6-m/nofp\libnosys.a(close.o)
                0x0000000008008340                _close
 .text._fstat   0x0000000008008350       0x10 c:/st/stm32cubeide_1.8.0/stm32cubeide/plugins/com.st.stm32cube.ide.mcu.externaltools.gnu-tools-for-stm32.9-2020-q2-update.win32_2.0.0.202105311346/tools/bin/../lib/gcc/arm-none-eabi/9.3.1/../../../../arm-none-eabi/lib/thumb/v6-m/nofp\libnosys.a(fstat.o)
                0x0000000008008350                _fstat
 .text._getpid  0x0000000008008360       0x10 c:/st/stm32cubeide_1.8.0/stm32cubeide/plugins/com.st.stm32cube.ide.mcu.externaltools.gnu-tools-for-stm32.9-2020-q2-update.win32_2.0.0.202105311346/tools/bin/../lib/gcc/arm-none-eabi/9.3.1/../../../../arm-none-eabi/lib/thumb/v6-m/nofp\libnosys.a(getpid.o)
                0x0000000008008360                _getpid
 .text._isatty  0x0000000008008370       0x10 c:/st/stm32cubeide_1.8.0/stm32cubeide/plugins/com.st.stm32cube.ide.mcu.externaltools.gnu-tools-for-stm32.9-2020-q2-update.win32_2.0.0.202105311346/tools/bin/../lib/gcc/arm-none-eabi/9.3.1/../../../../arm-none-eabi/lib/thumb/v6-m/nofp\libnosys.a(isatty.o)
                0x0000000008008370                _isatty
 .text._kill    0x0000000008008380       0x10 c:/st/stm32cubeide_1.8.0/stm32cubeide/plugins/com.st.stm32cube.ide.mcu.externaltools.gnu-tools-for-stm32.9-2020-q2-update.win32_2.0.0.202105311346/tools/bin/../lib/gcc/arm-none-eabi/9.3.1/../../../../arm-none-eabi/lib/thumb/v6-m/nofp\libnosys.a(kill.o)
                0x0000000008008380                _kill
 .text._lseek   0x0000000008008390       0x10 c:/st/stm32cubeide_1.8.0/stm32cubeide/plugins/com.st.stm32cube.ide.mcu.externaltools.gnu-tools-for-stm32.9-2020-q2-update.win32_2.0.0.202105311346/tools/bin/../lib/gcc/arm-none-eabi/9.3.1/../../../../arm-none-eabi/lib/thumb/v6-m/nofp\libnosys.a(lseek.o)
                0x0000000008008390                _lseek
 .text._read    0x00000000080083a0       0x10 c:/st/stm32cubeide_1.8.0/stm32cubeide/plugins/com.st.stm32cube.ide.mcu.externaltools.gnu-tools-for-stm32.9-2020-q2-update.win32_2.0.0.202105311346/tools/bin/../lib/gcc/arm-none-eabi/9.3.1/../../../../arm-none-eabi/lib/thumb/v6-m/nofp\libnosys.a(read.o)
                0x00000000080083a0                _read
 .text._sbrk    0x00000000080083b0       0x20 c:/st/stm32cubeide_1.8.0/stm32cubeide/plugins/com.st.stm32cube.ide.mcu.externaltools.gnu-tools-for-stm32.9-2020-q2-update.win32_2.0.0.202105311346/tools/bin/../lib/gcc/arm-none-eabi/9.3.1/../../../../arm-none-eabi/lib/thumb/v6-m/nofp\libnosys.a(sbrk.o)
                0x00000000080083b0                _sbrk
 .text._write   0x00000000080083d0       0x10 c:/st/stm32cubeide_1.8.0/stm32cubeide/plugins/com.st.stm32cube.ide.mcu.externaltools.gnu-tools-for-stm32.9-2020-q2-update.win32_2.0.0.202105311346/tools/bin/../lib/gcc/arm-none-eabi/9.3.1/../../../../arm-none-eabi/lib/thumb/v6-m/nofp\libnosys.a(write.o)
                0x00000000080083d0                _write
 .text._exit    0x00000000080083e0        0x2 c:/st/stm32cubeide_1.8.0/stm32cubeide/plugins/com.st.stm32cube.ide.mcu.externaltools.gnu-tools-for-stm32.9-2020-q2-update.win32_2.0.0.202105311346/tools/bin/../lib/gcc/arm-none-eabi/9.3.1/../../../../arm-none-eabi/lib/thumb/v6-m/nofp\libnosys.a(_exit.o)
                0x00000000080083e0                _exit
 *(.glue_7)
 .glue_7        0x00000000080083e2        0x0 linker stubs
 *(.glue_7t)
 .glue_7t       0x00000000080083e2        0x0 linker stubs
 *(.eh_frame)
 *fill*         0x00000000080083e2        0x2 
 .eh_frame      0x00000000080083e4        0x0 c:/st/stm32cubeide_1.8.0/stm32cubeide/plugins/com.st.stm32cube.ide.mcu.externaltools.gnu-tools-for-stm32.9-2020-q2-update.win32_2.0.0.202105311346/tools/bin/../lib/gcc/arm-none-eabi/9.3.1/thumb/v6-m/nofp/crtbegin.o
 *(.init)
 .init          0x00000000080083e4        0x4 c:/st/stm32cubeide_1.8.0/stm32cubeide/plugins/com.st.stm32cube.ide.mcu.externaltools.gnu-tools-for-stm32.9-2020-q2-update.win32_2.0.0.202105311346/tools/bin/../lib/gcc/arm-none-eabi/9.3.1/thumb/v6-m/nofp/crti.o
                0x00000000080083e4                _init
 .init          0x00000000080083e8        0x8 c:/st/stm32cubeide_1.8.0/stm32cubeide/plugins/com.st.stm32cube.ide.mcu.externaltools.gnu-tools-for-stm32.9-2020-q2-update.win32_2.0.0.202105311346/tools/bin/../lib/gcc/arm-none-eabi/9.3.1/thumb/v6-m/nofp/crtn.o
 *(.fini)
 .fini          0x00000000080083f0        0x4 c:/st/stm32cubeide_1.8.0/stm32cubeide/plugins/com.st.stm32cube.ide.mcu.externaltools.gnu-tools-for-stm32.9-2020-q2-update.win32_2.0.0.202105311346/tools/bin/../lib/gcc/arm-none-eabi/9.3.1/thumb/v6-m/nofp/crti.o
                0x00000000080083f0                _fini
 .fini          0x00000000080083f4        0x8 c:/st/stm32cubeide_1.8.0/stm32cubeide/plugins/com.st.stm32cube.ide.mcu.externaltools.gnu-tools-for-stm32.9-2020-q2-update.win32_2.0.0.202105311346/tools/bin/../lib/gcc/arm-none-eabi/9.3.1/thumb/v6-m/nofp/crtn.o
                0x00000000080083fc                . = ALIGN (0x4)
                0x00000000080083fc                _etext = .

.vfp11_veneer   0x00000000080083fc        0x0
 .vfp11_veneer  0x00000000080083fc        0x0 linker stubs

.v4_bx          0x00000000080083fc        0x0
 .v4_bx         0x00000000080083fc        0x0 linker stubs

.iplt           0x00000000080083fc        0x0
 .iplt          0x00000000080083fc        0x0 c:/st/stm32cubeide_1.8.0/stm32cubeide/plugins/com.st.stm32cube.ide.mcu.externaltools.gnu-tools-for-stm32.9-2020-q2-update.win32_2.0.0.202105311346/tools/bin/../lib/gcc/arm-none-eabi/9.3.1/thumb/v6-m/nofp/crtbegin.o

.rodata         0x00000000080083fc      0x6fc
                0x00000000080083fc                . = ALIGN (0x4)
 *(.rodata)
 .rodata        0x00000000080083fc       0x18 ./Drivers/CMSIS/Device/ST/STM32F0xx/Source/Templates/system_stm32f0xx.o
                0x00000000080083fc                AHBPrescTable
                0x000000000800840c                APBPrescTable
 .rodata        0x0000000008008414       0x20 ./Drivers/STM32F0xx_HAL_Driver/Src/stm32f0xx_hal_rcc.o
 .rodata        0x0000000008008434      0x151 ./Src/indicator_7s_sr.o
 *fill*         0x0000000008008585        0x3 
 .rodata        0x0000000008008588      0x200 ./modbus/rtu/mbcrc.o
 .rodata        0x0000000008008788       0x4e ./modbus/rtu/mbrtu.o
 *fill*         0x00000000080087d6        0x2 
 .rodata        0x00000000080087d8       0x80 c:/st/stm32cubeide_1.8.0/stm32cubeide/plugins/com.st.stm32cube.ide.mcu.externaltools.gnu-tools-for-stm32.9-2020-q2-update.win32_2.0.0.202105311346/tools/bin/../lib/gcc/arm-none-eabi/9.3.1/thumb/v6-m/nofp\libgcc.a(divsf3.o)
 .rodata        0x0000000008008858       0x40 c:/st/stm32cubeide_1.8.0/stm32cubeide/plugins/com.st.stm32cube.ide.mcu.externaltools.gnu-tools-for-stm32.9-2020-q2-update.win32_2.0.0.202105311346/tools/bin/../lib/gcc/arm-none-eabi/9.3.1/thumb/v6-m/nofp\libgcc.a(mulsf3.o)
 .rodata        0x0000000008008898       0x40 c:/st/stm32cubeide_1.8.0/stm32cubeide/plugins/com.st.stm32cube.ide.mcu.externaltools.gnu-tools-for-stm32.9-2020-q2-update.win32_2.0.0.202105311346/tools/bin/../lib/gcc/arm-none-eabi/9.3.1/thumb/v6-m/nofp\libgcc.a(muldf3.o)
 *(.rodata*)
 .rodata.str1.4
                0x00000000080088d8       0x6e ./Src/main.o
 *fill*         0x0000000008008946        0x2 
 .rodata.str1.4
                0x0000000008008948       0xdb ./modbus/rtu/mbrtu.o
 .rodata.__assert_func.str1.1
                0x0000000008008a23       0x3c c:/st/stm32cubeide_1.8.0/stm32cubeide/plugins/com.st.stm32cube.ide.mcu.externaltools.gnu-tools-for-stm32.9-2020-q2-update.win32_2.0.0.202105311346/tools/bin/../lib/gcc/arm-none-eabi/9.3.1/../../../../arm-none-eabi/lib/thumb/v6-m/nofp\libc_nano.a(lib_a-assert.o)
                                         0x3d (size before relaxing)
 *fill*         0x0000000008008a5f        0x1 
 .rodata._global_impure_ptr
                0x0000000008008a60        0x4 c:/st/stm32cubeide_1.8.0/stm32cubeide/plugins/com.st.stm32cube.ide.mcu.externaltools.gnu-tools-for-stm32.9-2020-q2-update.win32_2.0.0.202105311346/tools/bin/../lib/gcc/arm-none-eabi/9.3.1/../../../../arm-none-eabi/lib/thumb/v6-m/nofp\libc_nano.a(lib_a-impure.o)
                0x0000000008008a60                _global_impure_ptr
 .rodata._vfprintf_r.str1.1
                0x0000000008008a64       0x11 c:/st/stm32cubeide_1.8.0/stm32cubeide/plugins/com.st.stm32cube.ide.mcu.externaltools.gnu-tools-for-stm32.9-2020-q2-update.win32_2.0.0.202105311346/tools/bin/../lib/gcc/arm-none-eabi/9.3.1/../../../../arm-none-eabi/lib/thumb/v6-m/nofp\libc_nano.a(lib_a-nano-vfprintf.o)
 .rodata._printf_i.str1.1
                0x0000000008008a75       0x22 c:/st/stm32cubeide_1.8.0/stm32cubeide/plugins/com.st.stm32cube.ide.mcu.externaltools.gnu-tools-for-stm32.9-2020-q2-update.win32_2.0.0.202105311346/tools/bin/../lib/gcc/arm-none-eabi/9.3.1/../../../../arm-none-eabi/lib/thumb/v6-m/nofp\libc_nano.a(lib_a-nano-vfprintf_i.o)
 *fill*         0x0000000008008a97        0x1 
 .rodata.__sf_fake_stderr
                0x0000000008008a98       0x20 c:/st/stm32cubeide_1.8.0/stm32cubeide/plugins/com.st.stm32cube.ide.mcu.externaltools.gnu-tools-for-stm32.9-2020-q2-update.win32_2.0.0.202105311346/tools/bin/../lib/gcc/arm-none-eabi/9.3.1/../../../../arm-none-eabi/lib/thumb/v6-m/nofp\libc_nano.a(lib_a-findfp.o)
                0x0000000008008a98                __sf_fake_stderr
 .rodata.__sf_fake_stdin
                0x0000000008008ab8       0x20 c:/st/stm32cubeide_1.8.0/stm32cubeide/plugins/com.st.stm32cube.ide.mcu.externaltools.gnu-tools-for-stm32.9-2020-q2-update.win32_2.0.0.202105311346/tools/bin/../lib/gcc/arm-none-eabi/9.3.1/../../../../arm-none-eabi/lib/thumb/v6-m/nofp\libc_nano.a(lib_a-findfp.o)
                0x0000000008008ab8                __sf_fake_stdin
 .rodata.__sf_fake_stdout
                0x0000000008008ad8       0x20 c:/st/stm32cubeide_1.8.0/stm32cubeide/plugins/com.st.stm32cube.ide.mcu.externaltools.gnu-tools-for-stm32.9-2020-q2-update.win32_2.0.0.202105311346/tools/bin/../lib/gcc/arm-none-eabi/9.3.1/../../../../arm-none-eabi/lib/thumb/v6-m/nofp\libc_nano.a(lib_a-findfp.o)
                0x0000000008008ad8                __sf_fake_stdout
 .rodata._svfprintf_r.str1.1
                0x0000000008008af8       0x11 c:/st/stm32cubeide_1.8.0/stm32cubeide/plugins/com.st.stm32cube.ide.mcu.externaltools.gnu-tools-for-stm32.9-2020-q2-update.win32_2.0.0.202105311346/tools/bin/../lib/gcc/arm-none-eabi/9.3.1/../../../../arm-none-eabi/lib/thumb/v6-m/nofp\libc_nano.a(lib_a-nano-svfprintf.o)
 .rodata.logf.str1.1
                0x0000000008008af8        0x1 c:/st/stm32cubeide_1.8.0/stm32cubeide/plugins/com.st.stm32cube.ide.mcu.externaltools.gnu-tools-for-stm32.9-2020-q2-update.win32_2.0.0.202105311346/tools/bin/../lib/gcc/arm-none-eabi/9.3.1/../../../../arm-none-eabi/lib/thumb/v6-m/nofp\libm.a(lib_a-wf_log.o)
                0x0000000008008b0c                . = ALIGN (0x4)

.rel.dyn        0x0000000008008af8        0x0
 .rel.iplt      0x0000000008008af8        0x0 c:/st/stm32cubeide_1.8.0/stm32cubeide/plugins/com.st.stm32cube.ide.mcu.externaltools.gnu-tools-for-stm32.9-2020-q2-update.win32_2.0.0.202105311346/tools/bin/../lib/gcc/arm-none-eabi/9.3.1/thumb/v6-m/nofp/crtbegin.o

.ARM.extab
 *(.ARM.extab* .gnu.linkonce.armextab.*)

.ARM            0x0000000008008af8        0x0
                0x0000000008008af8                __exidx_start = .
 *(.ARM.exidx*)
                0x0000000008008af8                __exidx_end = .

.preinit_array  0x0000000008008af8        0x0
                0x0000000008008af8                PROVIDE (__preinit_array_start = .)
 *(.preinit_array*)
                0x0000000008008af8                PROVIDE (__preinit_array_end = .)

.init_array     0x0000000008008af8        0x4
                0x0000000008008af8                PROVIDE (__init_array_start = .)
 *(SORT_BY_NAME(.init_array.*))
 *(.init_array*)
 .init_array    0x0000000008008af8        0x4 c:/st/stm32cubeide_1.8.0/stm32cubeide/plugins/com.st.stm32cube.ide.mcu.externaltools.gnu-tools-for-stm32.9-2020-q2-update.win32_2.0.0.202105311346/tools/bin/../lib/gcc/arm-none-eabi/9.3.1/thumb/v6-m/nofp/crtbegin.o
                0x0000000008008afc                PROVIDE (__init_array_end = .)

.fini_array     0x0000000008008afc        0x4
                [!provide]                        PROVIDE (__fini_array_start = .)
 *(SORT_BY_NAME(.fini_array.*))
 *(.fini_array*)
 .fini_array    0x0000000008008afc        0x4 c:/st/stm32cubeide_1.8.0/stm32cubeide/plugins/com.st.stm32cube.ide.mcu.externaltools.gnu-tools-for-stm32.9-2020-q2-update.win32_2.0.0.202105311346/tools/bin/../lib/gcc/arm-none-eabi/9.3.1/thumb/v6-m/nofp/crtbegin.o
                [!provide]                        PROVIDE (__fini_array_end = .)
                0x0000000008008b00                _sidata = LOADADDR (.data)

.data           0x0000000020000000      0x144 load address 0x0000000008008b00
                0x0000000020000000                . = ALIGN (0x4)
                0x0000000020000000                _sdata = .
 *(.data)
 .data          0x0000000020000000        0x4 ./Drivers/CMSIS/Device/ST/STM32F0xx/Source/Templates/system_stm32f0xx.o
                0x0000000020000000                SystemCoreClock
 .data          0x0000000020000004        0x8 ./Drivers/STM32F0xx_HAL_Driver/Src/stm32f0xx_hal.o
                0x0000000020000004                uwTickFreq
                0x0000000020000008                uwTickPrio
 .data          0x000000002000000c       0x4b ./Src/main.o
                0x000000002000000c                DataSettingMemory
                0x0000000020000016                GlobalAddress
                0x0000000020000017                Sensitivity
                0x0000000020000018                ZN
                0x0000000020000020                NH
                0x0000000020000022                CH
                0x0000000020000024                VH
                0x0000000020000028                R2
                0x000000002000002c                R1
                0x0000000020000030                A
                0x0000000020000034                C
                0x0000000020000038                B
                0x000000002000003c                D
                0x0000000020000040                F
                0x0000000020000044                G
                0x0000000020000048                StatusMode
                0x000000002000004c                StringIndication
                0x0000000020000050                ZN1
 *fill*         0x0000000020000057        0x1 
 .data          0x0000000020000058       0x84 ./modbus/mb.o
 *(.data*)
 .data._impure_ptr
                0x00000000200000dc        0x4 c:/st/stm32cubeide_1.8.0/stm32cubeide/plugins/com.st.stm32cube.ide.mcu.externaltools.gnu-tools-for-stm32.9-2020-q2-update.win32_2.0.0.202105311346/tools/bin/../lib/gcc/arm-none-eabi/9.3.1/../../../../arm-none-eabi/lib/thumb/v6-m/nofp\libc_nano.a(lib_a-impure.o)
                0x00000000200000dc                _impure_ptr
 .data.impure_data
                0x00000000200000e0       0x60 c:/st/stm32cubeide_1.8.0/stm32cubeide/plugins/com.st.stm32cube.ide.mcu.externaltools.gnu-tools-for-stm32.9-2020-q2-update.win32_2.0.0.202105311346/tools/bin/../lib/gcc/arm-none-eabi/9.3.1/../../../../arm-none-eabi/lib/thumb/v6-m/nofp\libc_nano.a(lib_a-impure.o)
 .data.__fdlib_version
                0x0000000020000140        0x1 c:/st/stm32cubeide_1.8.0/stm32cubeide/plugins/com.st.stm32cube.ide.mcu.externaltools.gnu-tools-for-stm32.9-2020-q2-update.win32_2.0.0.202105311346/tools/bin/../lib/gcc/arm-none-eabi/9.3.1/../../../../arm-none-eabi/lib/thumb/v6-m/nofp\libm.a(lib_a-s_lib_ver.o)
                0x0000000020000140                __fdlib_version
                0x0000000020000144                . = ALIGN (0x4)
 *fill*         0x0000000020000141        0x3 
                0x0000000020000144                _edata = .

.igot.plt       0x0000000020000144        0x0 load address 0x0000000008008c44
 .igot.plt      0x0000000020000144        0x0 c:/st/stm32cubeide_1.8.0/stm32cubeide/plugins/com.st.stm32cube.ide.mcu.externaltools.gnu-tools-for-stm32.9-2020-q2-update.win32_2.0.0.202105311346/tools/bin/../lib/gcc/arm-none-eabi/9.3.1/thumb/v6-m/nofp/crtbegin.o
                0x0000000020000144                . = ALIGN (0x4)

.bss            0x0000000020000144      0x5f8 load address 0x0000000008008c44
                0x0000000020000144                _sbss = .
                0x0000000020000144                __bss_start__ = _sbss
 *(.bss)
 .bss           0x0000000020000144       0x1c c:/st/stm32cubeide_1.8.0/stm32cubeide/plugins/com.st.stm32cube.ide.mcu.externaltools.gnu-tools-for-stm32.9-2020-q2-update.win32_2.0.0.202105311346/tools/bin/../lib/gcc/arm-none-eabi/9.3.1/thumb/v6-m/nofp/crtbegin.o
 .bss           0x0000000020000160       0xa2 ./Src/main.o
                0x0000000020000160                ModeRele
                0x0000000020000161                Resistor120
                0x00000000200001be                ExceedanceCounter
                0x00000000200001c0                SecondsCounter
                0x00000000200001c1                SecondsCounter5
                0x00000000200001c4                VoltageInR2
                0x00000000200001c8                Ir2
                0x00000000200001cc                Use
                0x00000000200001d0                Rse
                0x00000000200001d4                MinuteCounter
                0x00000000200001d5                FlagHourExpired
                0x00000000200001d6                R5sek
                0x00000000200001d8                MinuteCounter15
                0x00000000200001da                R15min
                0x00000000200001dc                R_average
                0x00000000200001e0                S15min
                0x00000000200001e4                S5sek
                0x00000000200001e8                Signal
                0x00000000200001ec                S
                0x00000000200001f0                FlagMogan
                0x00000000200001f1                ShortPressKey_PB8
                0x00000000200001f2                ShortPressKey_PB2
                0x00000000200001f3                TimerFlagTIM3
                0x00000000200001f4                TimerCounterTIM14
                0x00000000200001f6                ClickFlag_PB2
                0x00000000200001f7                ClickFlag_PB8
                0x00000000200001f8                LongPressKey_PB8
                0x00000000200001f9                LongPressKey_PB2
                0x00000000200001fa                LongDoublePressKey_PB2_PB8
                0x00000000200001fb                FlagChangeSetting
                0x00000000200001fc                TimerCounterTIM15
                0x00000000200001fd                GlobalAddressFlesh
                0x00000000200001fe                Flag15min
                0x00000000200001ff                Flag_SecondsCounter15
                0x0000000020000200                Flag_MinuteCounter15
                0x0000000020000201                FlagAnalogMessageFromMaster
 *fill*         0x0000000020000202        0x2 
 .bss           0x0000000020000204       0x22 ./modbus/functions/mbfuncother.o
 *fill*         0x0000000020000226        0x2 
 .bss           0x0000000020000228       0x23 ./modbus/mb.o
 *fill*         0x000000002000024b        0x1 
 .bss           0x000000002000024c        0x4 ./modbus/port/mt_port.o
 .bss           0x0000000020000250        0x2 ./modbus/port/portevent.o
 .bss           0x0000000020000252        0x2 ./modbus/port/portserial.o
                0x0000000020000252                rxByte
                0x0000000020000253                txByte
 .bss           0x0000000020000254        0x4 ./modbus/port/porttimer.o
                0x0000000020000254                timerPeriod
                0x0000000020000256                timerCounter
 .bss           0x0000000020000258        0xb ./modbus/rtu/mbrtu.o
 *(.bss*)
 *fill*         0x0000000020000263        0x1 
 .bss.__malloc_free_list
                0x0000000020000264        0x4 c:/st/stm32cubeide_1.8.0/stm32cubeide/plugins/com.st.stm32cube.ide.mcu.externaltools.gnu-tools-for-stm32.9-2020-q2-update.win32_2.0.0.202105311346/tools/bin/../lib/gcc/arm-none-eabi/9.3.1/../../../../arm-none-eabi/lib/thumb/v6-m/nofp\libc_nano.a(lib_a-nano-mallocr.o)
                0x0000000020000264                __malloc_free_list
 .bss.__malloc_sbrk_start
                0x0000000020000268        0x4 c:/st/stm32cubeide_1.8.0/stm32cubeide/plugins/com.st.stm32cube.ide.mcu.externaltools.gnu-tools-for-stm32.9-2020-q2-update.win32_2.0.0.202105311346/tools/bin/../lib/gcc/arm-none-eabi/9.3.1/../../../../arm-none-eabi/lib/thumb/v6-m/nofp\libc_nano.a(lib_a-nano-mallocr.o)
                0x0000000020000268                __malloc_sbrk_start
 .bss.heap_end.4144
                0x000000002000026c        0x4 c:/st/stm32cubeide_1.8.0/stm32cubeide/plugins/com.st.stm32cube.ide.mcu.externaltools.gnu-tools-for-stm32.9-2020-q2-update.win32_2.0.0.202105311346/tools/bin/../lib/gcc/arm-none-eabi/9.3.1/../../../../arm-none-eabi/lib/thumb/v6-m/nofp\libnosys.a(sbrk.o)
 *(COMMON)
 COMMON         0x0000000020000270        0x4 ./Drivers/STM32F0xx_HAL_Driver/Src/stm32f0xx_hal.o
                0x0000000020000270                uwTick
 COMMON         0x0000000020000274      0x354 ./Src/main.o
                0x0000000020000274                ArrayOfResistanceMeasurementsPerMinute
                0x00000000200002ec                ArrayOfResistanceMeasurementsPerSecond5
                0x000000002000030c                ServiceMessage
                0x0000000020000370                EXTI_PRreg
                0x0000000020000374                huart1
                0x00000000200003fc                ArrayOfResistanceMeasurementsPerMinute15
                0x000000002000041a                TargetConcentration
                0x000000002000041c                hspi1
                0x0000000020000480                huart2
                0x0000000020000508                ArrayOfResistanceMeasurementsPerSecond
                0x0000000020000580                htim16
 COMMON         0x00000000200005c8       0x48 ./Src/stm32f0xx_hal_timebase_TIM.o
                0x00000000200005c8                htim6
 COMMON         0x0000000020000610       0x14 ./modbus/mb.o
                0x0000000020000610                pxMBFrameCBTransmitterEmpty
                0x0000000020000614                pxMBPortCBTimerExpired
                0x0000000020000618                pxMBFrameCBByteReceived
                0x000000002000061c                pxMBFrameCBTransmitFSMCur
                0x0000000020000620                pxMBFrameCBReceiveFSMCur
 COMMON         0x0000000020000624        0x8 ./modbus/port/mt_port.o
                0x0000000020000624                modbusUart
                0x0000000020000628                modbusTimer
 COMMON         0x000000002000062c      0x100 ./modbus/rtu/mbrtu.o
                0x000000002000062c                ucRTUBuf
 COMMON         0x000000002000072c        0x9 c:/st/stm32cubeide_1.8.0/stm32cubeide/plugins/com.st.stm32cube.ide.mcu.externaltools.gnu-tools-for-stm32.9-2020-q2-update.win32_2.0.0.202105311346/tools/bin/../lib/gcc/arm-none-eabi/9.3.1/../../../../arm-none-eabi/lib/thumb/v6-m/nofp\libc_nano.a(lib_a-lock.o)
                0x000000002000072c                __lock___atexit_recursive_mutex
                0x000000002000072d                __lock___arc4random_mutex
                0x000000002000072e                __lock___env_recursive_mutex
                0x000000002000072f                __lock___sinit_recursive_mutex
                0x0000000020000730                __lock___malloc_recursive_mutex
                0x0000000020000731                __lock___at_quick_exit_mutex
                0x0000000020000732                __lock___dd_hash_mutex
                0x0000000020000733                __lock___tz_mutex
                0x0000000020000734                __lock___sfp_recursive_mutex
 *fill*         0x0000000020000735        0x3 
 COMMON         0x0000000020000738        0x4 c:/st/stm32cubeide_1.8.0/stm32cubeide/plugins/com.st.stm32cube.ide.mcu.externaltools.gnu-tools-for-stm32.9-2020-q2-update.win32_2.0.0.202105311346/tools/bin/../lib/gcc/arm-none-eabi/9.3.1/../../../../arm-none-eabi/lib/thumb/v6-m/nofp\libc_nano.a(lib_a-reent.o)
                0x0000000020000738                errno
                0x000000002000073c                . = ALIGN (0x4)
                0x000000002000073c                _ebss = .
                0x000000002000073c                __bss_end__ = _ebss

._user_heap_stack
                0x000000002000073c      0x604 load address 0x0000000008008c44
                0x0000000020000740                . = ALIGN (0x8)
 *fill*         0x000000002000073c        0x4 
                0x0000000020000740                PROVIDE (end = .)
                [!provide]                        PROVIDE (_end = .)
                0x0000000020000940                . = (. + _Min_Heap_Size)
 *fill*         0x0000000020000740      0x200 
                0x0000000020000d40                . = (. + _Min_Stack_Size)
 *fill*         0x0000000020000940      0x400 
                0x0000000020000d40                . = ALIGN (0x8)

/DISCARD/
 libc.a(*)
 libm.a(*)
 libgcc.a(*)

.ARM.attributes
                0x0000000000000000       0x28
 *(.ARM.attributes)
 .ARM.attributes
                0x0000000000000000       0x1e c:/st/stm32cubeide_1.8.0/stm32cubeide/plugins/com.st.stm32cube.ide.mcu.externaltools.gnu-tools-for-stm32.9-2020-q2-update.win32_2.0.0.202105311346/tools/bin/../lib/gcc/arm-none-eabi/9.3.1/thumb/v6-m/nofp/crti.o
 .ARM.attributes
                0x000000000000001e       0x2c c:/st/stm32cubeide_1.8.0/stm32cubeide/plugins/com.st.stm32cube.ide.mcu.externaltools.gnu-tools-for-stm32.9-2020-q2-update.win32_2.0.0.202105311346/tools/bin/../lib/gcc/arm-none-eabi/9.3.1/thumb/v6-m/nofp/crtbegin.o
 .ARM.attributes