stm32f0xx_hal_uart.c:3529:13:UART_EndTxTransfer	8	static,ignoring_inline_asm
stm32f0xx_hal_uart.c:3544:13:UART_EndRxTransfer	12	static,ignoring_inline_asm
stm32f0xx_hal_uart.c:3968:13:UART_TxISR_8BIT	12	static,ignoring_inline_asm
stm32f0xx_hal_uart.c:3997:13:UART_TxISR_16BIT	12	static,ignoring_inline_asm
stm32f0xx_hal_uart.c:721:13:HAL_UART_MspInit	0	static
stm32f0xx_hal_uart.c:736:13:HAL_UART_MspDeInit	0	static
stm32f0xx_hal_uart.c:674:19:HAL_UART_DeInit	16	static
stm32f0xx_hal_uart.c:1366:19:HAL_UART_Transmit_IT	8	static,ignoring_inline_asm
stm32f0xx_hal_uart.c:1485:19:HAL_UART_Transmit_DMA	8	static,ignoring_inline_asm
stm32f0xx_hal_uart.c:1615:19:HAL_UART_DMAPause	12	static,ignoring_inline_asm
stm32f0xx_hal_uart.c:1645:19:HAL_UART_DMAResume	8	static,ignoring_inline_asm
stm32f0xx_hal_uart.c:1676:19:HAL_UART_DMAStop	16	static,ignoring_inline_asm
stm32f0xx_hal_uart.c:1751:19:HAL_UART_Abort	16	static,ignoring_inline_asm
stm32f0xx_hal_uart.c:1848:19:HAL_UART_AbortTransmit	8	static,ignoring_inline_asm
stm32f0xx_hal_uart.c:1901:19:HAL_UART_AbortReceive	16	static,ignoring_inline_asm
stm32f0xx_hal_uart.c:2622:13:HAL_UART_TxCpltCallback	0	static
stm32f0xx_hal_uart.c:3570:13:UART_DMATransmitCplt	16	static,ignoring_inline_asm
stm32f0xx_hal_uart.c:4029:13:UART_EndTransmit_IT	8	static,ignoring_inline_asm
stm32f0xx_hal_uart.c:2637:13:HAL_UART_TxHalfCpltCallback	0	static
stm32f0xx_hal_uart.c:3604:13:UART_DMATxHalfCplt	8	static
stm32f0xx_hal_uart.c:2652:13:HAL_UART_RxCpltCallback	0	static
stm32f0xx_hal_uart.c:2667:13:HAL_UART_RxHalfCpltCallback	0	static
stm32f0xx_hal_uart.c:2682:13:HAL_UART_ErrorCallback	0	static
stm32f0xx_hal_uart.c:3743:13:UART_DMAError	16	static
stm32f0xx_hal_uart.c:3783:13:UART_DMAAbortOnError	8	static
stm32f0xx_hal_uart.c:2697:13:HAL_UART_AbortCpltCallback	0	static
stm32f0xx_hal_uart.c:1969:19:HAL_UART_Abort_IT	16	static,ignoring_inline_asm
stm32f0xx_hal_uart.c:3855:13:UART_DMARxAbortCallback	8	static
stm32f0xx_hal_uart.c:3805:13:UART_DMATxAbortCallback	8	static
stm32f0xx_hal_uart.c:2712:13:HAL_UART_AbortTransmitCpltCallback	0	static
stm32f0xx_hal_uart.c:2116:19:HAL_UART_AbortTransmit_IT	8	static,ignoring_inline_asm
stm32f0xx_hal_uart.c:3907:13:UART_DMATxOnlyAbortCallback	8	static
stm32f0xx_hal_uart.c:2727:13:HAL_UART_AbortReceiveCpltCallback	0	static
stm32f0xx_hal_uart.c:2201:19:HAL_UART_AbortReceive_IT	16	static,ignoring_inline_asm
stm32f0xx_hal_uart.c:3935:13:UART_DMARxOnlyAbortCallback	8	static
stm32f0xx_hal_uart.c:2744:13:HAL_UARTEx_RxEventCallback	0	static
stm32f0xx_hal_uart.c:2294:6:HAL_UART_IRQHandler	16	static,ignoring_inline_asm
stm32f0xx_hal_uart.c:4054:13:UART_RxISR_8BIT	16	static,ignoring_inline_asm
stm32f0xx_hal_uart.c:4142:13:UART_RxISR_16BIT	16	static,ignoring_inline_asm
stm32f0xx_hal_uart.c:3695:13:UART_DMARxHalfCplt	8	static
stm32f0xx_hal_uart.c:3622:13:UART_DMAReceiveCplt	16	static,ignoring_inline_asm
stm32f0xx_hal_uart.c:2792:6:HAL_UART_ReceiverTimeout_Config	0	static
stm32f0xx_hal_uart.c:2804:19:HAL_UART_EnableReceiverTimeout	8	static
stm32f0xx_hal_uart.c:2835:19:HAL_UART_DisableReceiverTimeout	8	static
stm32f0xx_hal_uart.c:2906:6:HAL_MultiProcessor_EnterMuteMode	0	static
stm32f0xx_hal_uart.c:2916:19:HAL_HalfDuplex_EnableTransmitter	16	static,ignoring_inline_asm
stm32f0xx_hal_uart.c:2939:19:HAL_HalfDuplex_EnableReceiver	16	static,ignoring_inline_asm
stm32f0xx_hal_uart.c:3010:23:HAL_UART_GetState	0	static
stm32f0xx_hal_uart.c:3026:10:HAL_UART_GetError	0	static
stm32f0xx_hal_uart.c:3074:19:UART_SetConfig	8	static
stm32f0xx_hal_uart.c:3212:6:UART_AdvFeatureConfig	0	static
stm32f0xx_hal_uart.c:3355:19:UART_WaitOnFlagUntilTimeout	32	static
stm32f0xx_hal_uart.c:1164:19:HAL_UART_Transmit	32	static
stm32f0xx_hal_uart.c:1266:19:HAL_UART_Receive	40	static
stm32f0xx_hal_uart.c:3286:19:UART_CheckIdleState	24	static,ignoring_inline_asm
stm32f0xx_hal_uart.c:289:19:HAL_UART_Init	8	static
stm32f0xx_hal_uart.c:380:19:HAL_HalfDuplex_Init	8	static
stm32f0xx_hal_uart.c:582:19:HAL_MultiProcessor_Init	16	static
stm32f0xx_hal_uart.c:2866:19:HAL_MultiProcessor_EnableMuteMode	8	static,ignoring_inline_asm
stm32f0xx_hal_uart.c:2886:19:HAL_MultiProcessor_DisableMuteMode	8	static,ignoring_inline_asm
stm32f0xx_hal_uart.c:3423:19:UART_Start_Receive_IT	8	static,ignoring_inline_asm
stm32f0xx_hal_uart.c:1431:19:HAL_UART_Receive_IT	16	static,ignoring_inline_asm
stm32f0xx_hal_uart.c:3472:19:UART_Start_Receive_DMA	8	static,ignoring_inline_asm
stm32f0xx_hal_uart.c:1571:19:HAL_UART_Receive_DMA	16	static,ignoring_inline_asm
