main.c:641:13:MX_SPI1_Init	8	static
main.c:741:13:MX_GPIO_Init	40	static
main.c:261:6:Setting_Init	16	static
main.c:301:6:GasMeasurement	32	static
main.c:222:6:ModeAlarm	8	static
main.c:370:6:IWDG_Init	0	static
main.c:379:6:IWDG_Reset	0	static
main.c:794:6:HAL_GPIO_EXTI_Callback	0	static
main.c:845:6:CheckingKeyTimings	0	static
main.c:871:14:eMBRegInputCB	8	static
main.c:911:14:eMBRegHoldingCB	12	static
main.c:1009:14:eMBRegCoilsCB	0	static
main.c:1055:14:eMBRegDiscreteCB	0	static
main.c:1080:6:IndicationSensitivity	8	static
main.c:383:6:KeyPress	24	static
main.c:1101:6:_Error_Handler	0	static
main.c:700:13:MX_USART1_UART_Init	8	static
main.c:721:13:MX_USART2_UART_Init	8	static
main.c:682:13:MX_TIM16_Init	8	static
main.c:587:6:SystemClock_Config	88	static
main.c:125:5:main	8	static
