main.c:640:13:MX_SPI1_Init	8	static
main.c:740:13:MX_GPIO_Init	40	static
main.c:259:6:Setting_Init	24	static
main.c:302:6:GasMeasurement	32	static
main.c:226:6:ModeAlarm	8	static
main.c:371:6:IWDG_Init	0	static
main.c:380:6:IWDG_Reset	0	static
main.c:793:6:HAL_GPIO_EXTI_Callback	0	static
main.c:844:6:CheckingKeyTimings	0	static
main.c:870:14:eMBRegInputCB	8	static
main.c:910:14:eMBRegHoldingCB	12	static
main.c:1008:14:eMBRegCoilsCB	0	static
main.c:1054:14:eMBRegDiscreteCB	0	static
main.c:1079:6:IndicationSensitivity	8	static
main.c:384:6:KeyPress	8	static
main.c:1100:6:_Error_Handler	0	static
main.c:699:13:MX_USART1_UART_Init	8	static
main.c:720:13:MX_USART2_UART_Init	8	static
main.c:681:13:MX_TIM16_Init	8	static
main.c:586:6:SystemClock_Config	88	static
main.c:125:5:main	24	static
