stm32f0xx_it.c:61:6:NMI_Handler	0	static
stm32f0xx_it.c:74:6:HardFault_Handler	0	static
stm32f0xx_it.c:90:6:SVC_Handler	0	static
stm32f0xx_it.c:103:6:PendSV_Handler	0	static
stm32f0xx_it.c:116:6:SysTick_Handler	8	static
stm32f0xx_it.c:137:6:RCC_IRQHandler	0	static
stm32f0xx_it.c:150:6:TIM6_IRQHandler	8	static
stm32f0xx_it.c:161:6:TIM3_IRQHandler	0	static
stm32f0xx_it.c:170:6:TIM14_IRQHandler	0	static
stm32f0xx_it.c:181:6:TIM16_IRQHandler	8	static
stm32f0xx_it.c:192:6:TIM17_IRQHandler	0	static
stm32f0xx_it.c:202:6:TIM15_IRQHandler	0	static
stm32f0xx_it.c:222:6:SPI1_IRQHandler	8	static
stm32f0xx_it.c:236:6:USART1_IRQHandler	8	static
stm32f0xx_it.c:250:6:USART2_IRQHandler	8	static
stm32f0xx_it.c:262:6:EXTI2_3_IRQHandler	8	static
stm32f0xx_it.c:269:6:EXTI4_15_IRQHandler	8	static
